Archive member included to satisfy reference by file (symbol)

C:/Workspace/Misc/esp/.espressif/tools/riscv32-esp-elf/esp-14.2.0_20241119/riscv32-esp-elf/bin/../lib/gcc/riscv32-esp-elf/14.2.0/rv32imac_zicsr_zifencei/ilp32\libgcc.a(_ashrdi3.o)
                              CMakeFiles/ulp_core_main.dir/C_/Workspace/Misc/esp/esp-idf/components/ulp/lp_core/lp_core/lp_core_print.c.obj (__ashrdi3)
C:/Workspace/Misc/esp/.espressif/tools/riscv32-esp-elf/esp-14.2.0_20241119/riscv32-esp-elf/bin/../lib/gcc/riscv32-esp-elf/14.2.0/rv32imac_zicsr_zifencei/ilp32\libgcc.a(_udivdi3.o)
                              CMakeFiles/ulp_core_main.dir/C_/Workspace/Misc/esp/esp-idf/components/ulp/lp_core/shared/ulp_lp_core_lp_timer_shared.c.obj (__udivdi3)
C:/Workspace/Misc/esp/.espressif/tools/riscv32-esp-elf/esp-14.2.0_20241119/riscv32-esp-elf/bin/../lib/gcc/riscv32-esp-elf/14.2.0/rv32imac_zicsr_zifencei/ilp32\libgcc.a(_umoddi3.o)
                              CMakeFiles/ulp_core_main.dir/C_/Workspace/Misc/esp/esp-idf/components/ulp/lp_core/lp_core/lp_core_print.c.obj (__umoddi3)
C:/Workspace/Misc/esp/.espressif/tools/riscv32-esp-elf/esp-14.2.0_20241119/riscv32-esp-elf/bin/../lib/gcc/riscv32-esp-elf/14.2.0/rv32imac_zicsr_zifencei/ilp32\libgcc.a(_clz.o)
                              C:/Workspace/Misc/esp/.espressif/tools/riscv32-esp-elf/esp-14.2.0_20241119/riscv32-esp-elf/bin/../lib/gcc/riscv32-esp-elf/14.2.0/rv32imac_zicsr_zifencei/ilp32\libgcc.a(_udivdi3.o) (__clz_tab)
C:/Workspace/Misc/esp/.espressif/tools/riscv32-esp-elf/esp-14.2.0_20241119/riscv32-esp-elf/bin/../lib/gcc/riscv32-esp-elf/14.2.0/../../../../riscv32-esp-elf/lib/rv32imac_zicsr_zifencei/ilp32\libg_nano.a(libc_a-strlen.o)
                              CMakeFiles/ulp_core_main.dir/C_/Workspace/Misc/esp/esp-idf/components/ulp/lp_core/lp_core/lp_core_print.c.obj (strlen)

Discarded input sections

 .text          0x00000000        0x0 CMakeFiles/ulp_core_main.dir/C_/Workspace/Git/MPLR2025-experiments/cl/breathingled/main/ulp/main.c.obj
 .data          0x00000000        0x0 CMakeFiles/ulp_core_main.dir/C_/Workspace/Git/MPLR2025-experiments/cl/breathingled/main/ulp/main.c.obj
 .bss           0x00000000        0x0 CMakeFiles/ulp_core_main.dir/C_/Workspace/Git/MPLR2025-experiments/cl/breathingled/main/ulp/main.c.obj
 .text.delayMs  0x00000000       0x10 CMakeFiles/ulp_core_main.dir/C_/Workspace/Git/MPLR2025-experiments/cl/breathingled/main/ulp/main.c.obj
 .text.pulseIn  0x00000000       0x6c CMakeFiles/ulp_core_main.dir/C_/Workspace/Git/MPLR2025-experiments/cl/breathingled/main/ulp/main.c.obj
 .srodata.MAX_ELAPSED
                0x00000000        0x4 CMakeFiles/ulp_core_main.dir/C_/Workspace/Git/MPLR2025-experiments/cl/breathingled/main/ulp/main.c.obj
 .data          0x00000000        0x0 CMakeFiles/ulp_core_main.dir/C_/Workspace/Git/MPLR2025-experiments/cl/sleep.S.obj
 .bss           0x00000000        0x0 CMakeFiles/ulp_core_main.dir/C_/Workspace/Git/MPLR2025-experiments/cl/sleep.S.obj
 .text          0x00000000        0x0 CMakeFiles/ulp_core_main.dir/C_/Workspace/Misc/esp/esp-idf/components/ulp/lp_core/lp_core/start.S.obj
 .data          0x00000000        0x0 CMakeFiles/ulp_core_main.dir/C_/Workspace/Misc/esp/esp-idf/components/ulp/lp_core/lp_core/start.S.obj
 .bss           0x00000000        0x0 CMakeFiles/ulp_core_main.dir/C_/Workspace/Misc/esp/esp-idf/components/ulp/lp_core/lp_core/start.S.obj
 .text          0x00000000        0x0 CMakeFiles/ulp_core_main.dir/C_/Workspace/Misc/esp/esp-idf/components/ulp/lp_core/lp_core/vector.S.obj
 .data          0x00000000        0x0 CMakeFiles/ulp_core_main.dir/C_/Workspace/Misc/esp/esp-idf/components/ulp/lp_core/lp_core/vector.S.obj
 .bss           0x00000000        0x0 CMakeFiles/ulp_core_main.dir/C_/Workspace/Misc/esp/esp-idf/components/ulp/lp_core/lp_core/vector.S.obj
 .text          0x00000000        0x0 CMakeFiles/ulp_core_main.dir/C_/Workspace/Misc/esp/esp-idf/components/ulp/lp_core/lp_core/port/esp32c6/vector_table.S.obj
 .data          0x00000000        0x0 CMakeFiles/ulp_core_main.dir/C_/Workspace/Misc/esp/esp-idf/components/ulp/lp_core/lp_core/port/esp32c6/vector_table.S.obj
 .bss           0x00000000        0x0 CMakeFiles/ulp_core_main.dir/C_/Workspace/Misc/esp/esp-idf/components/ulp/lp_core/lp_core/port/esp32c6/vector_table.S.obj
 .text          0x00000000        0x0 CMakeFiles/ulp_core_main.dir/C_/Workspace/Misc/esp/esp-idf/components/ulp/lp_core/shared/ulp_lp_core_memory_shared.c.obj
 .data          0x00000000        0x0 CMakeFiles/ulp_core_main.dir/C_/Workspace/Misc/esp/esp-idf/components/ulp/lp_core/shared/ulp_lp_core_memory_shared.c.obj
 .bss           0x00000000        0x0 CMakeFiles/ulp_core_main.dir/C_/Workspace/Misc/esp/esp-idf/components/ulp/lp_core/shared/ulp_lp_core_memory_shared.c.obj
 .text          0x00000000        0x0 CMakeFiles/ulp_core_main.dir/C_/Workspace/Misc/esp/esp-idf/components/ulp/lp_core/shared/ulp_lp_core_lp_uart_shared.c.obj
[...]
Memory Configuration

Name             Origin             Length             Attributes
vector_table     0x50000000         0x00000080         xr
ram              0x50000080         0x00000f70         xrw
shared_mem_ram   0x50000ff0         0x00000010         rw
*default*        0x00000000         0xffffffff

Linker script and memory map

LOAD C:/Workspace/Misc/esp/esp-idf/components/soc/esp32c6/ld/esp32c6.peripherals.ld
                0x60000000                        PROVIDE (UART0 = 0x60000000)
                0x60001000                        PROVIDE (UART1 = 0x60001000)
                [!provide]                        PROVIDE (SPIMEM0 = 0x60002000)
                [!provide]                        PROVIDE (SPIMEM1 = 0x60003000)
                [!provide]                        PROVIDE (I2C0 = 0x60004000)
                [!provide]                        PROVIDE (UHCI0 = 0x60005000)
                [!provide]                        PROVIDE (RMT = 0x60006000)
                [!provide]                        PROVIDE (RMTMEM = 0x60006400)
                [!provide]                        PROVIDE (LEDC = 0x60007000)
                [!provide]                        PROVIDE (TIMERG0 = 0x60008000)
                [!provide]                        PROVIDE (TIMERG1 = 0x60009000)
                [!provide]                        PROVIDE (SYSTIMER = 0x6000a000)
                [!provide]                        PROVIDE (TWAI0 = 0x6000b000)
                [!provide]                        PROVIDE (I2S0 = 0x6000c000)
                [!provide]                        PROVIDE (TWAI1 = 0x6000d000)
                [!provide]                        PROVIDE (APB_SARADC = 0x6000e000)
                [!provide]                        PROVIDE (USB_SERIAL_JTAG = 0x6000f000)
                [!provide]                        PROVIDE (INTMTX = 0x60010000)
                [!provide]                        PROVIDE (ATOMIC_LOCKER = 0x60011000)
                [!provide]                        PROVIDE (PCNT = 0x60012000)
                [!provide]                        PROVIDE (SOC_ETM = 0x60013000)
                [!provide]                        PROVIDE (MCPWM0 = 0x60014000)
                [!provide]                        PROVIDE (PARL_IO = 0x60015000)
                [!provide]                        PROVIDE (HINF = 0x60016000)
                [!provide]                        PROVIDE (SLC = 0x60017000)
                [!provide]                        PROVIDE (HOST = 0x60018000)
                [!provide]                        PROVIDE (PVT_MONITOR = 0x60019000)
                [!provide]                        PROVIDE (GDMA = 0x60080000)
                [!provide]                        PROVIDE (GPSPI2 = 0x60081000)
                [!provide]                        PROVIDE (AES = 0x60088000)
                [!provide]                        PROVIDE (SHA = 0x60089000)
                [!provide]                        PROVIDE (RSA = 0x6008a000)
                [!provide]                        PROVIDE (ECC = 0x6008b000)
                [!provide]                        PROVIDE (DS = 0x6008c000)
                [!provide]                        PROVIDE (HMAC = 0x6008d000)
                [!provide]                        PROVIDE (IO_MUX = 0x60090000)
                [!provide]                        PROVIDE (GPIO = 0x60091000)
                [!provide]                        PROVIDE (GPIO_EXT = 0x60091f00)
                [!provide]                        PROVIDE (SDM = 0x60091f00)
                [!provide]                        PROVIDE (GLITCH_FILTER = 0x60091f30)
                [!provide]                        PROVIDE (GPIO_ETM = 0x60091f60)
                [!provide]                        PROVIDE (MEM_MONITOR = 0x60092000)
                [!provide]                        PROVIDE (PAU = 0x60093000)
                [!provide]                        PROVIDE (HP_SYSTEM = 0x60095000)
                0x60096000                        PROVIDE (PCR = 0x60096000)
                [!provide]                        PROVIDE (TEE = 0x60098000)
                [!provide]                        PROVIDE (HP_APM = 0x60099000)
                [!provide]                        PROVIDE (IEEE802154 = 0x600a3000)
                [!provide]                        PROVIDE (MODEM_SYSCON = 0x600a9800)
                [!provide]                        PROVIDE (MODEM_LPCON = 0x600af000)
                0x600b0000                        PROVIDE (PMU = 0x600b0000)
                0x600b0400                        PROVIDE (LP_CLKRST = 0x600b0400)
                [!provide]                        PROVIDE (EFUSE = 0x600b0800)
                0x600b0c00                        PROVIDE (LP_TIMER = 0x600b0c00)
                0x600b1000                        PROVIDE (LP_AON = 0x600b1000)
                0x600b1400                        PROVIDE (LP_UART = 0x600b1400)
                0x600b1800                        PROVIDE (LP_I2C = 0x600b1800)
                [!provide]                        PROVIDE (LP_WDT = 0x600b1c00)
                0x600b2000                        PROVIDE (LP_IO = 0x600b2000)
                [!provide]                        PROVIDE (LP_I2C_ANA_MST = 0x600b2400)
                0x600b2800                        PROVIDE (LPPERI = 0x600b2800)
                [!provide]                        PROVIDE (LP_ANA_PERI = 0x600b2c00)
                [!provide]                        PROVIDE (LP_APM = 0x600b3800)
                [!provide]                        PROVIDE (OTP_DEBUG = 0x600b3c00)
LOAD CMakeFiles/ulp_core_main.dir/C_/Workspace/Git/MPLR2025-experiments/cl/breathingled/main/ulp/main.c.obj
LOAD CMakeFiles/ulp_core_main.dir/C_/Workspace/Git/MPLR2025-experiments/cl/sleep.S.obj
LOAD CMakeFiles/ulp_core_main.dir/C_/Workspace/Misc/esp/esp-idf/components/ulp/lp_core/lp_core/start.S.obj
LOAD CMakeFiles/ulp_core_main.dir/C_/Workspace/Misc/esp/esp-idf/components/ulp/lp_core/lp_core/vector.S.obj
LOAD CMakeFiles/ulp_core_main.dir/C_/Workspace/Misc/esp/esp-idf/components/ulp/lp_core/lp_core/port/esp32c6/vector_table.S.obj
LOAD CMakeFiles/ulp_core_main.dir/C_/Workspace/Misc/esp/esp-idf/components/ulp/lp_core/shared/ulp_lp_core_memory_shared.c.obj
LOAD CMakeFiles/ulp_core_main.dir/C_/Workspace/Misc/esp/esp-idf/components/ulp/lp_core/shared/ulp_lp_core_lp_uart_shared.c.obj
LOAD CMakeFiles/ulp_core_main.dir/C_/Workspace/Misc/esp/esp-idf/components/esp_driver_uart/src/uart_wakeup.c.obj
LOAD CMakeFiles/ulp_core_main.dir/C_/Workspace/Misc/esp/esp-idf/components/ulp/lp_core/shared/ulp_lp_core_lp_timer_shared.c.obj
LOAD CMakeFiles/ulp_core_main.dir/C_/Workspace/Misc/esp/esp-idf/components/ulp/lp_core/lp_core/lp_core_startup.c.obj
LOAD CMakeFiles/ulp_core_main.dir/C_/Workspace/Misc/esp/esp-idf/components/ulp/lp_core/lp_core/lp_core_utils.c.obj
LOAD CMakeFiles/ulp_core_main.dir/C_/Workspace/Misc/esp/esp-idf/components/hal/uart_hal_iram.c.obj
LOAD CMakeFiles/ulp_core_main.dir/C_/Workspace/Misc/esp/esp-idf/components/hal/uart_hal.c.obj
LOAD CMakeFiles/ulp_core_main.dir/C_/Workspace/Misc/esp/esp-idf/components/ulp/lp_core/lp_core/lp_core_uart.c.obj
LOAD CMakeFiles/ulp_core_main.dir/C_/Workspace/Misc/esp/esp-idf/components/ulp/lp_core/lp_core/lp_core_print.c.obj
LOAD CMakeFiles/ulp_core_main.dir/C_/Workspace/Misc/esp/esp-idf/components/ulp/lp_core/lp_core/lp_core_panic.c.obj
LOAD CMakeFiles/ulp_core_main.dir/C_/Workspace/Misc/esp/esp-idf/components/ulp/lp_core/lp_core/lp_core_interrupt.c.obj
LOAD CMakeFiles/ulp_core_main.dir/C_/Workspace/Misc/esp/esp-idf/components/ulp/lp_core/lp_core/lp_core_i2c.c.obj
LOAD CMakeFiles/ulp_core_main.dir/C_/Workspace/Misc/esp/esp-idf/components/ulp/lp_core/lp_core/lp_core_spi.c.obj
LOAD CMakeFiles/ulp_core_main.dir/C_/Workspace/Misc/esp/esp-idf/components/ulp/lp_core/lp_core/lp_core_ubsan.c.obj
LOAD CMakeFiles/ulp_core_main.dir/C_/Workspace/Misc/esp/esp-idf/components/ulp/lp_core/shared/ulp_lp_core_lp_adc_shared.c.obj
LOAD CMakeFiles/ulp_core_main.dir/C_/Workspace/Misc/esp/esp-idf/components/ulp/lp_core/shared/ulp_lp_core_lp_vad_shared.c.obj
LOAD CMakeFiles/ulp_core_main.dir/C_/Workspace/Misc/esp/esp-idf/components/ulp/lp_core/shared/ulp_lp_core_critical_section_shared.c.obj
LOAD C:/Workspace/Misc/esp/.espressif/tools/riscv32-esp-elf/esp-14.2.0_20241119/riscv32-esp-elf/bin/../lib/gcc/riscv32-esp-elf/14.2.0/rv32imac_zicsr_zifencei/ilp32\libgcc.a
LOAD C:/Workspace/Misc/esp/.espressif/tools/riscv32-esp-elf/esp-14.2.0_20241119/riscv32-esp-elf/bin/../lib/gcc/riscv32-esp-elf/14.2.0/../../../../riscv32-esp-elf/lib/rv32imac_zicsr_zifencei/ilp32\libg_nano.a
LOAD C:/Workspace/Misc/esp/.espressif/tools/riscv32-esp-elf/esp-14.2.0_20241119/riscv32-esp-elf/bin/../lib/gcc/riscv32-esp-elf/14.2.0/../../../../riscv32-esp-elf/lib/rv32imac_zicsr_zifencei/ilp32\libc_nano.a
LOAD C:/Workspace/Misc/esp/.espressif/tools/riscv32-esp-elf/esp-14.2.0_20241119/riscv32-esp-elf/bin/../lib/gcc/riscv32-esp-elf/14.2.0/rv32imac_zicsr_zifencei/ilp32\libgcc.a
START GROUP
LOAD C:/Workspace/Misc/esp/.espressif/tools/riscv32-esp-elf/esp-14.2.0_20241119/riscv32-esp-elf/bin/../lib/gcc/riscv32-esp-elf/14.2.0/rv32imac_zicsr_zifencei/ilp32\libgcc.a
LOAD C:/Workspace/Misc/esp/.espressif/tools/riscv32-esp-elf/esp-14.2.0_20241119/riscv32-esp-elf/bin/../lib/gcc/riscv32-esp-elf/14.2.0/../../../../riscv32-esp-elf/lib/rv32imac_zicsr_zifencei/ilp32\libc_nano.a
LOAD C:/Workspace/Misc/esp/.espressif/tools/riscv32-esp-elf/esp-14.2.0_20241119/riscv32-esp-elf/bin/../lib/gcc/riscv32-esp-elf/14.2.0/../../../../riscv32-esp-elf/lib/rv32imac_zicsr_zifencei/ilp32\libnosys.a
END GROUP
START GROUP
LOAD C:/Workspace/Misc/esp/.espressif/tools/riscv32-esp-elf/esp-14.2.0_20241119/riscv32-esp-elf/bin/../lib/gcc/riscv32-esp-elf/14.2.0/rv32imac_zicsr_zifencei/ilp32\libgcc.a
LOAD C:/Workspace/Misc/esp/.espressif/tools/riscv32-esp-elf/esp-14.2.0_20241119/riscv32-esp-elf/bin/../lib/gcc/riscv32-esp-elf/14.2.0/../../../../riscv32-esp-elf/lib/rv32imac_zicsr_zifencei/ilp32\libc_nano.a
LOAD C:/Workspace/Misc/esp/.espressif/tools/riscv32-esp-elf/esp-14.2.0_20241119/riscv32-esp-elf/bin/../lib/gcc/riscv32-esp-elf/14.2.0/../../../../riscv32-esp-elf/lib/rv32imac_zicsr_zifencei/ilp32\libnosys.a
END GROUP

.vector.text    0x50000000       0x80
                0x50000000                        __mtvec_base = .
 *(.init.vector .init.vector.*)
 .init.vector   0x50000000       0x80 CMakeFiles/ulp_core_main.dir/C_/Workspace/Misc/esp/esp-idf/components/ulp/lp_core/lp_core/port/esp32c6/vector_table.S.obj
                0x50000000                _vector_table
                0x50000080                        . = ORIGIN (ram)

.text           0x50000080      0x93a
 *(.text.vectors)
 .text.vectors  0x50000080       0x1a CMakeFiles/ulp_core_main.dir/C_/Workspace/Misc/esp/esp-idf/components/ulp/lp_core/lp_core/start.S.obj
                0x50000080                reset_vector
 *(.text)
 .text          0x5000009a       0x64 CMakeFiles/ulp_core_main.dir/C_/Workspace/Git/MPLR2025-experiments/cl/sleep.S.obj
                0x5000009a                sleep_store
                0x500000cc                sleep_restore
 .text          0x500000fe      0x35a C:/Workspace/Misc/esp/.espressif/tools/riscv32-esp-elf/esp-14.2.0_20241119/riscv32-esp-elf/bin/../lib/gcc/riscv32-esp-elf/14.2.0/rv32imac_zicsr_zifencei/ilp32\libgcc.a(_udivdi3.o)
                0x500000fe                __udivdi3
 *(.text*)
 .text.ulp_lp_core_lp_timer_intr_handler
                0x50000458        0xc CMakeFiles/ulp_core_main.dir/C_/Workspace/Git/MPLR2025-experiments/cl/breathingled/main/ulp/main.c.obj
                0x50000458                ulp_lp_core_lp_timer_intr_handler
 .text.sleep_store2
                0x50000464        0x6 CMakeFiles/ulp_core_main.dir/C_/Workspace/Git/MPLR2025-experiments/cl/breathingled/main/ulp/main.c.obj
                0x50000464                sleep_store2
 .text.wakeup   0x5000046a        0xa CMakeFiles/ulp_core_main.dir/C_/Workspace/Git/MPLR2025-experiments/cl/breathingled/main/ulp/main.c.obj
                0x5000046a                wakeup
 .text.delayUs  0x50000474       0x50 CMakeFiles/ulp_core_main.dir/C_/Workspace/Git/MPLR2025-experiments/cl/breathingled/main/ulp/main.c.obj
                0x50000474                delayUs
 .text.app_main
                0x500004c4       0xac CMakeFiles/ulp_core_main.dir/C_/Workspace/Git/MPLR2025-experiments/cl/breathingled/main/ulp/main.c.obj
                0x500004c4                app_main
 .text.startup.main
                0x50000570       0x1e CMakeFiles/ulp_core_main.dir/C_/Workspace/Git/MPLR2025-experiments/cl/breathingled/main/ulp/main.c.obj
                0x50000570                main
 .text.handlers
                0x5000058e       0xfa CMakeFiles/ulp_core_main.dir/C_/Workspace/Misc/esp/esp-idf/components/ulp/lp_core/lp_core/vector.S.obj
                0x5000058e                _panic_handler
                0x500005fe                _interrupt_handler
 .text.ulp_lp_core_memory_shared_cfg_get
                0x50000688        0xa CMakeFiles/ulp_core_main.dir/C_/Workspace/Misc/esp/esp-idf/components/ulp/lp_core/shared/ulp_lp_core_memory_shared.c.obj
                0x50000688                ulp_lp_core_memory_shared_cfg_get
 .text.lp_timer_hal_set_alarm_target
                0x50000692       0x38 CMakeFiles/ulp_core_main.dir/C_/Workspace/Misc/esp/esp-idf/components/ulp/lp_core/shared/ulp_lp_core_lp_timer_shared.c.obj
 .text.ulp_lp_core_lp_timer_get_cycle_count
                0x500006ca       0x26 CMakeFiles/ulp_core_main.dir/C_/Workspace/Misc/esp/esp-idf/components/ulp/lp_core/shared/ulp_lp_core_lp_timer_shared.c.obj
                0x500006ca                ulp_lp_core_lp_timer_get_cycle_count
 .text.ulp_lp_core_lp_timer_set_wakeup_time
                0x500006f0       0x46 CMakeFiles/ulp_core_main.dir/C_/Workspace/Misc/esp/esp-idf/components/ulp/lp_core/shared/ulp_lp_core_lp_timer_shared.c.obj
                0x500006f0                ulp_lp_core_lp_timer_set_wakeup_time
 .text.ulp_lp_core_lp_timer_set_wakeup_ticks
                0x50000736       0x24 CMakeFiles/ulp_core_main.dir/C_/Workspace/Misc/esp/esp-idf/components/ulp/lp_core/shared/ulp_lp_core_lp_timer_shared.c.obj
                0x50000736                ulp_lp_core_lp_timer_set_wakeup_ticks
 .text.ulp_lp_core_lp_timer_disable
                0x5000075a       0x1e CMakeFiles/ulp_core_main.dir/C_/Workspace/Misc/esp/esp-idf/components/ulp/lp_core/shared/ulp_lp_core_lp_timer_shared.c.obj
                0x5000075a                ulp_lp_core_lp_timer_disable
 .text.lp_core_startup
                0x50000778       0x1a CMakeFiles/ulp_core_main.dir/C_/Workspace/Misc/esp/esp-idf/components/ulp/lp_core/lp_core/lp_core_startup.c.obj
                0x50000778                lp_core_startup
 .text.ulp_lp_core_update_wakeup_cause
                0x50000792      0x144 CMakeFiles/ulp_core_main.dir/C_/Workspace/Misc/esp/esp-idf/components/ulp/lp_core/lp_core/lp_core_utils.c.obj
                0x50000792                ulp_lp_core_update_wakeup_cause
 .text.ulp_lp_core_wakeup_main_processor
                0x500008d6       0x14 CMakeFiles/ulp_core_main.dir/C_/Workspace/Misc/esp/esp-idf/components/ulp/lp_core/lp_core/lp_core_utils.c.obj
                0x500008d6                ulp_lp_core_wakeup_main_processor
 .text.ulp_lp_core_delay_us
                0x500008ea       0x12 CMakeFiles/ulp_core_main.dir/C_/Workspace/Misc/esp/esp-idf/components/ulp/lp_core/lp_core/lp_core_utils.c.obj
                0x500008ea                ulp_lp_core_delay_us
 .text.ulp_lp_core_halt
                0x500008fc       0x18 CMakeFiles/ulp_core_main.dir/C_/Workspace/Misc/esp/esp-idf/components/ulp/lp_core/lp_core/lp_core_utils.c.obj
                0x500008fc                ulp_lp_core_halt
 .text.ulp_lp_core_stop_lp_core
                0x50000914       0x1c CMakeFiles/ulp_core_main.dir/C_/Workspace/Misc/esp/esp-idf/components/ulp/lp_core/lp_core/lp_core_utils.c.obj
                0x50000914                ulp_lp_core_stop_lp_core
 .text.ulp_lp_core_abort
                0x50000930        0x8 CMakeFiles/ulp_core_main.dir/C_/Workspace/Misc/esp/esp-idf/components/ulp/lp_core/lp_core/lp_core_utils.c.obj
                0x50000930                ulp_lp_core_abort
 .text.ulp_lp_core_lp_timer_intr_enable
                0x50000938       0x16 CMakeFiles/ulp_core_main.dir/C_/Workspace/Misc/esp/esp-idf/components/ulp/lp_core/lp_core/lp_core_utils.c.obj
                0x50000938                ulp_lp_core_lp_timer_intr_enable
 .text.ulp_lp_core_lp_timer_intr_clear
                0x5000094e       0x14 CMakeFiles/ulp_core_main.dir/C_/Workspace/Misc/esp/esp-idf/components/ulp/lp_core/lp_core/lp_core_utils.c.obj
                0x5000094e                ulp_lp_core_lp_timer_intr_clear
 .text.ulp_lp_core_default_intr_handler
                0x50000962        0x6 CMakeFiles/ulp_core_main.dir/C_/Workspace/Misc/esp/esp-idf/components/ulp/lp_core/lp_core/lp_core_interrupt.c.obj
                0x50000962                ulp_lp_core_efuse_intr_handler
                0x50000962                ulp_lp_core_lp_touch_intr_handler
                0x50000962                ulp_lp_core_sw_intr_handler
                0x50000962                ulp_lp_core_lp_adc_intr_handler
                0x50000962                ulp_lp_core_lp_ana_peri_intr_handler
                0x50000962                ulp_lp_core_trng_intr_handler
                0x50000962                ulp_lp_core_lp_uart_intr_handler
                0x50000962                ulp_lp_core_lp_spi_intr_handler
                0x50000962                ulp_lp_core_lp_io_intr_handler
                0x50000962                ulp_lp_core_lp_wdt_intr_handler
                0x50000962                ulp_lp_core_mailbox_intr_handler
                0x50000962                ulp_lp_core_lp_sysreg_intr_handler
                0x50000962                ulp_lp_core_tsens_intr_handler
                0x50000962                ulp_lp_core_lp_rtc_intr_handler
                0x50000962                ulp_lp_core_lp_pmu_intr_handler
                0x50000962                ulp_lp_core_lp_i2c_intr_handler
 .text.ulp_lp_core_panic_handler
                0x50000968        0x6 CMakeFiles/ulp_core_main.dir/C_/Workspace/Misc/esp/esp-idf/components/ulp/lp_core/lp_core/lp_core_interrupt.c.obj
                0x50000968                ulp_lp_core_panic_handler
 .text.ulp_lp_core_intr_handler
                0x5000096e       0x4c CMakeFiles/ulp_core_main.dir/C_/Workspace/Misc/esp/esp-idf/components/ulp/lp_core/lp_core/lp_core_interrupt.c.obj
                0x5000096e                ulp_lp_core_intr_handler

.rodata         0x500009bc      0x118
 *(.rodata)
 .rodata        0x500009bc      0x100 C:/Workspace/Misc/esp/.espressif/tools/riscv32-esp-elf/esp-14.2.0_20241119/riscv32-esp-elf/bin/../lib/gcc/riscv32-esp-elf/14.2.0/rv32imac_zicsr_zifencei/ilp32\libgcc.a(_clz.o)
                0x500009bc                __clz_tab
 *(.rodata*)
 .rodata.s_intr_handlers
                0x50000abc       0x18 CMakeFiles/ulp_core_main.dir/C_/Workspace/Misc/esp/esp-idf/components/ulp/lp_core/lp_core/lp_core_interrupt.c.obj

.rela.dyn       0x50000ad4        0x0
 .rela.text.delayUs
                0x50000ad4        0x0 CMakeFiles/ulp_core_main.dir/C_/Workspace/Git/MPLR2025-experiments/cl/breathingled/main/ulp/main.c.obj
 .rela.text.app_main
                0x50000ad4        0x0 CMakeFiles/ulp_core_main.dir/C_/Workspace/Git/MPLR2025-experiments/cl/breathingled/main/ulp/main.c.obj
 .rela.text.vectors
                0x50000ad4        0x0 CMakeFiles/ulp_core_main.dir/C_/Workspace/Git/MPLR2025-experiments/cl/breathingled/main/ulp/main.c.obj
 .rela.text.lp_timer_hal_set_alarm_target
                0x50000ad4        0x0 CMakeFiles/ulp_core_main.dir/C_/Workspace/Git/MPLR2025-experiments/cl/breathingled/main/ulp/main.c.obj
 .rela.text.ulp_lp_core_lp_timer_get_cycle_count
                0x50000ad4        0x0 CMakeFiles/ulp_core_main.dir/C_/Workspace/Git/MPLR2025-experiments/cl/breathingled/main/ulp/main.c.obj
 .rela.text.ulp_lp_core_lp_timer_disable
                0x50000ad4        0x0 CMakeFiles/ulp_core_main.dir/C_/Workspace/Git/MPLR2025-experiments/cl/breathingled/main/ulp/main.c.obj
 .rela.text.ulp_lp_core_update_wakeup_cause
                0x50000ad4        0x0 CMakeFiles/ulp_core_main.dir/C_/Workspace/Git/MPLR2025-experiments/cl/breathingled/main/ulp/main.c.obj
 .rela.text.ulp_lp_core_halt
                0x50000ad4        0x0 CMakeFiles/ulp_core_main.dir/C_/Workspace/Git/MPLR2025-experiments/cl/breathingled/main/ulp/main.c.obj
 .rela.text.ulp_lp_core_stop_lp_core
                0x50000ad4        0x0 CMakeFiles/ulp_core_main.dir/C_/Workspace/Git/MPLR2025-experiments/cl/breathingled/main/ulp/main.c.obj
 .rela.text.ulp_lp_core_lp_timer_intr_enable
                0x50000ad4        0x0 CMakeFiles/ulp_core_main.dir/C_/Workspace/Git/MPLR2025-experiments/cl/breathingled/main/ulp/main.c.obj
 .rela.text.ulp_lp_core_lp_timer_intr_clear
                0x50000ad4        0x0 CMakeFiles/ulp_core_main.dir/C_/Workspace/Git/MPLR2025-experiments/cl/breathingled/main/ulp/main.c.obj
 .rela.text.ulp_lp_core_intr_handler
                0x50000ad4        0x0 CMakeFiles/ulp_core_main.dir/C_/Workspace/Git/MPLR2025-experiments/cl/breathingled/main/ulp/main.c.obj
 .rela.rodata.s_intr_handlers
                0x50000ad4        0x0 CMakeFiles/ulp_core_main.dir/C_/Workspace/Git/MPLR2025-experiments/cl/breathingled/main/ulp/main.c.obj

.data
 *(.data)
 *(.data*)
 *(.sdata)
 *(.sdata*)

.bss            0x50000ad4        0x8
 *(.bss)
 *(.bss*)
 *(.sbss)
 *(.sbss*)
 .sbss.mrbc_sp_bottom
                0x50000ad4        0x4 CMakeFiles/ulp_core_main.dir/C_/Workspace/Git/MPLR2025-experiments/cl/breathingled/main/ulp/main.c.obj
                0x50000ad4                mrbc_sp_bottom
 .sbss.lp_wakeup_cause
                0x50000ad8        0x4 CMakeFiles/ulp_core_main.dir/C_/Workspace/Misc/esp/esp-idf/components/ulp/lp_core/lp_core/lp_core_utils.c.obj
                [!provide]                        PROVIDE (end = .)
                0x50000ff0                        __stack_top = (ORIGIN (ram) + LENGTH (ram))
                0x50000ff0                        . = ORIGIN (shared_mem_ram)

.shared_mem     0x50000ff0       0x10
 *(.shared_mem)
 .shared_mem    0x50000ff0       0x10 CMakeFiles/ulp_core_main.dir/C_/Workspace/Misc/esp/esp-idf/components/ulp/lp_core/shared/ulp_lp_core_memory_shared.c.obj
OUTPUT(ulp_core_main.elf elf32-littleriscv)

.debug_info     0x00000000     0xa933
 .debug_info    0x00000000     0x2fe9 CMakeFiles/ulp_core_main.dir/C_/Workspace/Git/MPLR2025-experiments/cl/breathingled/main/ulp/main.c.obj
 .debug_info    0x00002fe9       0x24 CMakeFiles/ulp_core_main.dir/C_/Workspace/Git/MPLR2025-experiments/cl/sleep.S.obj
 .debug_info    0x0000300d       0x24 CMakeFiles/ulp_core_main.dir/C_/Workspace/Misc/esp/esp-idf/components/ulp/lp_core/lp_core/start.S.obj
 .debug_info    0x00003031       0x25 CMakeFiles/ulp_core_main.dir/C_/Workspace/Misc/esp/esp-idf/components/ulp/lp_core/lp_core/vector.S.obj
 .debug_info    0x00003056       0x33 CMakeFiles/ulp_core_main.dir/C_/Workspace/Misc/esp/esp-idf/components/ulp/lp_core/lp_core/port/esp32c6/vector_table.S.obj
 .debug_info    0x00003089       0xed CMakeFiles/ulp_core_main.dir/C_/Workspace/Misc/esp/esp-idf/components/ulp/lp_core/shared/ulp_lp_core_memory_shared.c.obj
 .debug_info    0x00003176      0xe3d CMakeFiles/ulp_core_main.dir/C_/Workspace/Misc/esp/esp-idf/components/ulp/lp_core/shared/ulp_lp_core_lp_timer_shared.c.obj
 .debug_info    0x00003fb3      0x15f CMakeFiles/ulp_core_main.dir/C_/Workspace/Misc/esp/esp-idf/components/ulp/lp_core/lp_core/lp_core_startup.c.obj
 .debug_info    0x00004112     0x5744 CMakeFiles/ulp_core_main.dir/C_/Workspace/Misc/esp/esp-idf/components/ulp/lp_core/lp_core/lp_core_utils.c.obj
 .debug_info    0x00009856      0x87a CMakeFiles/ulp_core_main.dir/C_/Workspace/Misc/esp/esp-idf/components/ulp/lp_core/lp_core/lp_core_interrupt.c.obj
 .debug_info    0x0000a0d0      0x776 C:/Workspace/Misc/esp/.espressif/tools/riscv32-esp-elf/esp-14.2.0_20241119/riscv32-esp-elf/bin/../lib/gcc/riscv32-esp-elf/14.2.0/rv32imac_zicsr_zifencei/ilp32\libgcc.a(_udivdi3.o)
 .debug_info    0x0000a846       0xed C:/Workspace/Misc/esp/.espressif/tools/riscv32-esp-elf/esp-14.2.0_20241119/riscv32-esp-elf/bin/../lib/gcc/riscv32-esp-elf/14.2.0/rv32imac_zicsr_zifencei/ilp32\libgcc.a(_clz.o)

.debug_abbrev   0x00000000     0x1300
 .debug_abbrev  0x00000000      0x487 CMakeFiles/ulp_core_main.dir/C_/Workspace/Git/MPLR2025-experiments/cl/breathingled/main/ulp/main.c.obj
 .debug_abbrev  0x00000487       0x14 CMakeFiles/ulp_core_main.dir/C_/Workspace/Git/MPLR2025-experiments/cl/sleep.S.obj
 .debug_abbrev  0x0000049b       0x14 CMakeFiles/ulp_core_main.dir/C_/Workspace/Misc/esp/esp-idf/components/ulp/lp_core/lp_core/start.S.obj
 .debug_abbrev  0x000004af       0x14 CMakeFiles/ulp_core_main.dir/C_/Workspace/Misc/esp/esp-idf/components/ulp/lp_core/lp_core/vector.S.obj
 .debug_abbrev  0x000004c3       0x28 CMakeFiles/ulp_core_main.dir/C_/Workspace/Misc/esp/esp-idf/components/ulp/lp_core/lp_core/port/esp32c6/vector_table.S.obj
 .debug_abbrev  0x000004eb       0x90 CMakeFiles/ulp_core_main.dir/C_/Workspace/Misc/esp/esp-idf/components/ulp/lp_core/shared/ulp_lp_core_memory_shared.c.obj
 .debug_abbrev  0x0000057b      0x35d CMakeFiles/ulp_core_main.dir/C_/Workspace/Misc/esp/esp-idf/components/ulp/lp_core/shared/ulp_lp_core_lp_timer_shared.c.obj
 .debug_abbrev  0x000008d8      0x108 CMakeFiles/ulp_core_main.dir/C_/Workspace/Misc/esp/esp-idf/components/ulp/lp_core/lp_core/lp_core_startup.c.obj
 .debug_abbrev  0x000009e0      0x4e7 CMakeFiles/ulp_core_main.dir/C_/Workspace/Misc/esp/esp-idf/components/ulp/lp_core/lp_core/lp_core_utils.c.obj
 .debug_abbrev  0x00000ec7      0x223 CMakeFiles/ulp_core_main.dir/C_/Workspace/Misc/esp/esp-idf/components/ulp/lp_core/lp_core/lp_core_interrupt.c.obj
 .debug_abbrev  0x000010ea      0x1a6 C:/Workspace/Misc/esp/.espressif/tools/riscv32-esp-elf/esp-14.2.0_20241119/riscv32-esp-elf/bin/../lib/gcc/riscv32-esp-elf/14.2.0/rv32imac_zicsr_zifencei/ilp32\libgcc.a(_udivdi3.o)
 .debug_abbrev  0x00001290       0x70 C:/Workspace/Misc/esp/.espressif/tools/riscv32-esp-elf/esp-14.2.0_20241119/riscv32-esp-elf/bin/../lib/gcc/riscv32-esp-elf/14.2.0/rv32imac_zicsr_zifencei/ilp32\libgcc.a(_clz.o)

.debug_loclists
                0x00000000      0xb30
 .debug_loclists
                0x00000000      0x204 CMakeFiles/ulp_core_main.dir/C_/Workspace/Git/MPLR2025-experiments/cl/breathingled/main/ulp/main.c.obj
 .debug_loclists
                0x00000204       0xf0 CMakeFiles/ulp_core_main.dir/C_/Workspace/Misc/esp/esp-idf/components/ulp/lp_core/shared/ulp_lp_core_lp_timer_shared.c.obj
 .debug_loclists
                0x000002f4       0x2a CMakeFiles/ulp_core_main.dir/C_/Workspace/Misc/esp/esp-idf/components/ulp/lp_core/lp_core/lp_core_startup.c.obj
 .debug_loclists
                0x0000031e      0x104 CMakeFiles/ulp_core_main.dir/C_/Workspace/Misc/esp/esp-idf/components/ulp/lp_core/lp_core/lp_core_utils.c.obj
 .debug_loclists
                0x00000422       0x61 CMakeFiles/ulp_core_main.dir/C_/Workspace/Misc/esp/esp-idf/components/ulp/lp_core/lp_core/lp_core_interrupt.c.obj
 .debug_loclists
                0x00000483      0x6ad C:/Workspace/Misc/esp/.espressif/tools/riscv32-esp-elf/esp-14.2.0_20241119/riscv32-esp-elf/bin/../lib/gcc/riscv32-esp-elf/14.2.0/rv32imac_zicsr_zifencei/ilp32\libgcc.a(_udivdi3.o)

.debug_aranges  0x00000000      0x268
 .debug_aranges
                0x00000000       0x58 CMakeFiles/ulp_core_main.dir/C_/Workspace/Git/MPLR2025-experiments/cl/breathingled/main/ulp/main.c.obj
 .debug_aranges
                0x00000058       0x20 CMakeFiles/ulp_core_main.dir/C_/Workspace/Git/MPLR2025-experiments/cl/sleep.S.obj
 .debug_aranges
                0x00000078       0x20 CMakeFiles/ulp_core_main.dir/C_/Workspace/Misc/esp/esp-idf/components/ulp/lp_core/lp_core/start.S.obj
 .debug_aranges
                0x00000098       0x20 CMakeFiles/ulp_core_main.dir/C_/Workspace/Misc/esp/esp-idf/components/ulp/lp_core/lp_core/vector.S.obj
 .debug_aranges
                0x000000b8       0x20 CMakeFiles/ulp_core_main.dir/C_/Workspace/Misc/esp/esp-idf/components/ulp/lp_core/lp_core/port/esp32c6/vector_table.S.obj
 .debug_aranges
                0x000000d8       0x20 CMakeFiles/ulp_core_main.dir/C_/Workspace/Misc/esp/esp-idf/components/ulp/lp_core/shared/ulp_lp_core_memory_shared.c.obj
 .debug_aranges
                0x000000f8       0x48 CMakeFiles/ulp_core_main.dir/C_/Workspace/Misc/esp/esp-idf/components/ulp/lp_core/shared/ulp_lp_core_lp_timer_shared.c.obj
 .debug_aranges
                0x00000140       0x20 CMakeFiles/ulp_core_main.dir/C_/Workspace/Misc/esp/esp-idf/components/ulp/lp_core/lp_core/lp_core_startup.c.obj
 .debug_aranges
                0x00000160       0x90 CMakeFiles/ulp_core_main.dir/C_/Workspace/Misc/esp/esp-idf/components/ulp/lp_core/lp_core/lp_core_utils.c.obj
 .debug_aranges
                0x000001f0       0x40 CMakeFiles/ulp_core_main.dir/C_/Workspace/Misc/esp/esp-idf/components/ulp/lp_core/lp_core/lp_core_interrupt.c.obj
 .debug_aranges
                0x00000230       0x20 C:/Workspace/Misc/esp/.espressif/tools/riscv32-esp-elf/esp-14.2.0_20241119/riscv32-esp-elf/bin/../lib/gcc/riscv32-esp-elf/14.2.0/rv32imac_zicsr_zifencei/ilp32\libgcc.a(_udivdi3.o)
 .debug_aranges
                0x00000250       0x18 C:/Workspace/Misc/esp/.espressif/tools/riscv32-esp-elf/esp-14.2.0_20241119/riscv32-esp-elf/bin/../lib/gcc/riscv32-esp-elf/14.2.0/rv32imac_zicsr_zifencei/ilp32\libgcc.a(_clz.o)

.debug_rnglists
                0x00000000      0x31c
 .debug_rnglists
                0x00000000       0xfb CMakeFiles/ulp_core_main.dir/C_/Workspace/Git/MPLR2025-experiments/cl/breathingled/main/ulp/main.c.obj
 .debug_rnglists
                0x000000fb       0x13 CMakeFiles/ulp_core_main.dir/C_/Workspace/Misc/esp/esp-idf/components/ulp/lp_core/shared/ulp_lp_core_memory_shared.c.obj
 .debug_rnglists
                0x0000010e       0x67 CMakeFiles/ulp_core_main.dir/C_/Workspace/Misc/esp/esp-idf/components/ulp/lp_core/shared/ulp_lp_core_lp_timer_shared.c.obj
 .debug_rnglists
                0x00000175       0x13 CMakeFiles/ulp_core_main.dir/C_/Workspace/Misc/esp/esp-idf/components/ulp/lp_core/lp_core/lp_core_startup.c.obj
 .debug_rnglists
                0x00000188       0xc8 CMakeFiles/ulp_core_main.dir/C_/Workspace/Misc/esp/esp-idf/components/ulp/lp_core/lp_core/lp_core_utils.c.obj
 .debug_rnglists
                0x00000250       0x3d CMakeFiles/ulp_core_main.dir/C_/Workspace/Misc/esp/esp-idf/components/ulp/lp_core/lp_core/lp_core_interrupt.c.obj
 .debug_rnglists
                0x0000028d       0x8f C:/Workspace/Misc/esp/.espressif/tools/riscv32-esp-elf/esp-14.2.0_20241119/riscv32-esp-elf/bin/../lib/gcc/riscv32-esp-elf/14.2.0/rv32imac_zicsr_zifencei/ilp32\libgcc.a(_udivdi3.o)

.debug_line     0x00000000     0x23a3
 .debug_line    0x00000000      0x6ca CMakeFiles/ulp_core_main.dir/C_/Workspace/Git/MPLR2025-experiments/cl/breathingled/main/ulp/main.c.obj
 .debug_line    0x000006ca      0x126 CMakeFiles/ulp_core_main.dir/C_/Workspace/Git/MPLR2025-experiments/cl/sleep.S.obj
 .debug_line    0x000007f0       0x68 CMakeFiles/ulp_core_main.dir/C_/Workspace/Misc/esp/esp-idf/components/ulp/lp_core/lp_core/start.S.obj
 .debug_line    0x00000858       0xd5 CMakeFiles/ulp_core_main.dir/C_/Workspace/Misc/esp/esp-idf/components/ulp/lp_core/lp_core/vector.S.obj
 .debug_line    0x0000092d       0x56 CMakeFiles/ulp_core_main.dir/C_/Workspace/Misc/esp/esp-idf/components/ulp/lp_core/lp_core/port/esp32c6/vector_table.S.obj
 .debug_line    0x00000983       0x84 CMakeFiles/ulp_core_main.dir/C_/Workspace/Misc/esp/esp-idf/components/ulp/lp_core/shared/ulp_lp_core_memory_shared.c.obj
 .debug_line    0x00000a07      0x424 CMakeFiles/ulp_core_main.dir/C_/Workspace/Misc/esp/esp-idf/components/ulp/lp_core/shared/ulp_lp_core_lp_timer_shared.c.obj
 .debug_line    0x00000e2b       0xd9 CMakeFiles/ulp_core_main.dir/C_/Workspace/Misc/esp/esp-idf/components/ulp/lp_core/lp_core/lp_core_startup.c.obj
 .debug_line    0x00000f04      0x881 CMakeFiles/ulp_core_main.dir/C_/Workspace/Misc/esp/esp-idf/components/ulp/lp_core/lp_core/lp_core_utils.c.obj
 .debug_line    0x00001785      0x264 CMakeFiles/ulp_core_main.dir/C_/Workspace/Misc/esp/esp-idf/components/ulp/lp_core/lp_core/lp_core_interrupt.c.obj
 .debug_line    0x000019e9      0x97b C:/Workspace/Misc/esp/.espressif/tools/riscv32-esp-elf/esp-14.2.0_20241119/riscv32-esp-elf/bin/../lib/gcc/riscv32-esp-elf/14.2.0/rv32imac_zicsr_zifencei/ilp32\libgcc.a(_udivdi3.o)
 .debug_line    0x00002364       0x3f C:/Workspace/Misc/esp/.espressif/tools/riscv32-esp-elf/esp-14.2.0_20241119/riscv32-esp-elf/bin/../lib/gcc/riscv32-esp-elf/14.2.0/rv32imac_zicsr_zifencei/ilp32\libgcc.a(_clz.o)

.debug_str      0x00000000     0x46fa
 .debug_str     0x00000000     0x46fa CMakeFiles/ulp_core_main.dir/C_/Workspace/Git/MPLR2025-experiments/cl/breathingled/main/ulp/main.c.obj
                               0x1ea1 (size before relaxing)
 .debug_str     0x000046fa       0x96 CMakeFiles/ulp_core_main.dir/C_/Workspace/Git/MPLR2025-experiments/cl/sleep.S.obj
 .debug_str     0x000046fa       0xaa CMakeFiles/ulp_core_main.dir/C_/Workspace/Misc/esp/esp-idf/components/ulp/lp_core/lp_core/start.S.obj
 .debug_str     0x000046fa       0xab CMakeFiles/ulp_core_main.dir/C_/Workspace/Misc/esp/esp-idf/components/ulp/lp_core/lp_core/vector.S.obj
 .debug_str     0x000046fa       0xcc CMakeFiles/ulp_core_main.dir/C_/Workspace/Misc/esp/esp-idf/components/ulp/lp_core/lp_core/port/esp32c6/vector_table.S.obj
 .debug_str     0x000046fa      0x1a1 CMakeFiles/ulp_core_main.dir/C_/Workspace/Misc/esp/esp-idf/components/ulp/lp_core/shared/ulp_lp_core_memory_shared.c.obj
 .debug_str     0x000046fa     0x131d CMakeFiles/ulp_core_main.dir/C_/Workspace/Misc/esp/esp-idf/components/ulp/lp_core/shared/ulp_lp_core_lp_timer_shared.c.obj
 .debug_str     0x000046fa      0x20b CMakeFiles/ulp_core_main.dir/C_/Workspace/Misc/esp/esp-idf/components/ulp/lp_core/lp_core/lp_core_startup.c.obj
 .debug_str     0x000046fa     0x336b CMakeFiles/ulp_core_main.dir/C_/Workspace/Misc/esp/esp-idf/components/ulp/lp_core/lp_core/lp_core_utils.c.obj
 .debug_str     0x000046fa      0x608 CMakeFiles/ulp_core_main.dir/C_/Workspace/Misc/esp/esp-idf/components/ulp/lp_core/lp_core/lp_core_interrupt.c.obj
 .debug_str     0x000046fa      0x264 C:/Workspace/Misc/esp/.espressif/tools/riscv32-esp-elf/esp-14.2.0_20241119/riscv32-esp-elf/bin/../lib/gcc/riscv32-esp-elf/14.2.0/rv32imac_zicsr_zifencei/ilp32\libgcc.a(_udivdi3.o)
 .debug_str     0x000046fa      0x1b1 C:/Workspace/Misc/esp/.espressif/tools/riscv32-esp-elf/esp-14.2.0_20241119/riscv32-esp-elf/bin/../lib/gcc/riscv32-esp-elf/14.2.0/rv32imac_zicsr_zifencei/ilp32\libgcc.a(_clz.o)

.debug_line_str
                0x00000000      0xa42
 .debug_line_str
                0x00000000      0xa42 CMakeFiles/ulp_core_main.dir/C_/Workspace/Git/MPLR2025-experiments/cl/breathingled/main/ulp/main.c.obj
                                0x455 (size before relaxing)
 .debug_line_str
                0x00000a42       0x88 CMakeFiles/ulp_core_main.dir/C_/Workspace/Git/MPLR2025-experiments/cl/sleep.S.obj
 .debug_line_str
                0x00000a42       0x9c CMakeFiles/ulp_core_main.dir/C_/Workspace/Misc/esp/esp-idf/components/ulp/lp_core/lp_core/start.S.obj
 .debug_line_str
                0x00000a42       0x9d CMakeFiles/ulp_core_main.dir/C_/Workspace/Misc/esp/esp-idf/components/ulp/lp_core/lp_core/vector.S.obj
 .debug_line_str
                0x00000a42       0xb0 CMakeFiles/ulp_core_main.dir/C_/Workspace/Misc/esp/esp-idf/components/ulp/lp_core/lp_core/port/esp32c6/vector_table.S.obj
 .debug_line_str
                0x00000a42      0x2e7 CMakeFiles/ulp_core_main.dir/C_/Workspace/Misc/esp/esp-idf/components/ulp/lp_core/shared/ulp_lp_core_memory_shared.c.obj
 .debug_line_str
                0x00000a42      0x48e CMakeFiles/ulp_core_main.dir/C_/Workspace/Misc/esp/esp-idf/components/ulp/lp_core/shared/ulp_lp_core_lp_timer_shared.c.obj
 .debug_line_str
                0x00000a42      0x342 CMakeFiles/ulp_core_main.dir/C_/Workspace/Misc/esp/esp-idf/components/ulp/lp_core/lp_core/lp_core_startup.c.obj
 .debug_line_str
                0x00000a42      0x523 CMakeFiles/ulp_core_main.dir/C_/Workspace/Misc/esp/esp-idf/components/ulp/lp_core/lp_core/lp_core_utils.c.obj
 .debug_line_str
                0x00000a42      0x3ba CMakeFiles/ulp_core_main.dir/C_/Workspace/Misc/esp/esp-idf/components/ulp/lp_core/lp_core/lp_core_interrupt.c.obj
 .debug_line_str
                0x00000a42      0x1a2 C:/Workspace/Misc/esp/.espressif/tools/riscv32-esp-elf/esp-14.2.0_20241119/riscv32-esp-elf/bin/../lib/gcc/riscv32-esp-elf/14.2.0/rv32imac_zicsr_zifencei/ilp32\libgcc.a(_udivdi3.o)
 .debug_line_str
                0x00000a42      0x1a2 C:/Workspace/Misc/esp/.espressif/tools/riscv32-esp-elf/esp-14.2.0_20241119/riscv32-esp-elf/bin/../lib/gcc/riscv32-esp-elf/14.2.0/rv32imac_zicsr_zifencei/ilp32\libgcc.a(_clz.o)

.comment        0x00000000       0x2f
 .comment       0x00000000       0x2f CMakeFiles/ulp_core_main.dir/C_/Workspace/Git/MPLR2025-experiments/cl/breathingled/main/ulp/main.c.obj
                                 0x30 (size before relaxing)
 .comment       0x0000002f       0x30 CMakeFiles/ulp_core_main.dir/C_/Workspace/Misc/esp/esp-idf/components/ulp/lp_core/shared/ulp_lp_core_memory_shared.c.obj
 .comment       0x0000002f       0x30 CMakeFiles/ulp_core_main.dir/C_/Workspace/Misc/esp/esp-idf/components/ulp/lp_core/shared/ulp_lp_core_lp_timer_shared.c.obj
 .comment       0x0000002f       0x30 CMakeFiles/ulp_core_main.dir/C_/Workspace/Misc/esp/esp-idf/components/ulp/lp_core/lp_core/lp_core_startup.c.obj
 .comment       0x0000002f       0x30 CMakeFiles/ulp_core_main.dir/C_/Workspace/Misc/esp/esp-idf/components/ulp/lp_core/lp_core/lp_core_utils.c.obj
 .comment       0x0000002f       0x30 CMakeFiles/ulp_core_main.dir/C_/Workspace/Misc/esp/esp-idf/components/ulp/lp_core/lp_core/lp_core_interrupt.c.obj
 .comment       0x0000002f       0x30 C:/Workspace/Misc/esp/.espressif/tools/riscv32-esp-elf/esp-14.2.0_20241119/riscv32-esp-elf/bin/../lib/gcc/riscv32-esp-elf/14.2.0/rv32imac_zicsr_zifencei/ilp32\libgcc.a(_udivdi3.o)
 .comment       0x0000002f       0x30 C:/Workspace/Misc/esp/.espressif/tools/riscv32-esp-elf/esp-14.2.0_20241119/riscv32-esp-elf/bin/../lib/gcc/riscv32-esp-elf/14.2.0/rv32imac_zicsr_zifencei/ilp32\libgcc.a(_clz.o)

.note.GNU-stack
                0x00000000        0x0
 .note.GNU-stack
                0x00000000        0x0 CMakeFiles/ulp_core_main.dir/C_/Workspace/Git/MPLR2025-experiments/cl/breathingled/main/ulp/main.c.obj
 .note.GNU-stack
                0x00000000        0x0 CMakeFiles/ulp_core_main.dir/C_/Workspace/Misc/esp/esp-idf/components/ulp/lp_core/shared/ulp_lp_core_memory_shared.c.obj
 .note.GNU-stack
                0x00000000        0x0 CMakeFiles/ulp_core_main.dir/C_/Workspace/Misc/esp/esp-idf/components/ulp/lp_core/shared/ulp_lp_core_lp_timer_shared.c.obj
 .note.GNU-stack
                0x00000000        0x0 CMakeFiles/ulp_core_main.dir/C_/Workspace/Misc/esp/esp-idf/components/ulp/lp_core/lp_core/lp_core_startup.c.obj
 .note.GNU-stack
                0x00000000        0x0 CMakeFiles/ulp_core_main.dir/C_/Workspace/Misc/esp/esp-idf/components/ulp/lp_core/lp_core/lp_core_utils.c.obj
 .note.GNU-stack
                0x00000000        0x0 CMakeFiles/ulp_core_main.dir/C_/Workspace/Misc/esp/esp-idf/components/ulp/lp_core/lp_core/lp_core_interrupt.c.obj
 .note.GNU-stack
                0x00000000        0x0 C:/Workspace/Misc/esp/.espressif/tools/riscv32-esp-elf/esp-14.2.0_20241119/riscv32-esp-elf/bin/../lib/gcc/riscv32-esp-elf/14.2.0/rv32imac_zicsr_zifencei/ilp32\libgcc.a(_udivdi3.o)
 .note.GNU-stack
                0x00000000        0x0 C:/Workspace/Misc/esp/.espressif/tools/riscv32-esp-elf/esp-14.2.0_20241119/riscv32-esp-elf/bin/../lib/gcc/riscv32-esp-elf/14.2.0/rv32imac_zicsr_zifencei/ilp32\libgcc.a(_clz.o)

.riscv.attributes
                0x00000000       0x60
 .riscv.attributes
                0x00000000       0x60 CMakeFiles/ulp_core_main.dir/C_/Workspace/Git/MPLR2025-experiments/cl/breathingled/main/ulp/main.c.obj
 .riscv.attributes
                0x00000060       0x5a CMakeFiles/ulp_core_main.dir/C_/Workspace/Git/MPLR2025-experiments/cl/sleep.S.obj
 .riscv.attributes
                0x000000ba       0x5e CMakeFiles/ulp_core_main.dir/C_/Workspace/Misc/esp/esp-idf/components/ulp/lp_core/lp_core/start.S.obj
 .riscv.attributes
                0x00000118       0x5e CMakeFiles/ulp_core_main.dir/C_/Workspace/Misc/esp/esp-idf/components/ulp/lp_core/lp_core/vector.S.obj
 .riscv.attributes
                0x00000176       0x5a CMakeFiles/ulp_core_main.dir/C_/Workspace/Misc/esp/esp-idf/components/ulp/lp_core/lp_core/port/esp32c6/vector_table.S.obj
 .riscv.attributes
                0x000001d0       0x5c CMakeFiles/ulp_core_main.dir/C_/Workspace/Misc/esp/esp-idf/components/ulp/lp_core/shared/ulp_lp_core_memory_shared.c.obj
 .riscv.attributes
                0x0000022c       0x5c CMakeFiles/ulp_core_main.dir/C_/Workspace/Misc/esp/esp-idf/components/ulp/lp_core/shared/ulp_lp_core_lp_timer_shared.c.obj
 .riscv.attributes
                0x00000288       0x5c CMakeFiles/ulp_core_main.dir/C_/Workspace/Misc/esp/esp-idf/components/ulp/lp_core/lp_core/lp_core_startup.c.obj
 .riscv.attributes
                0x000002e4       0x60 CMakeFiles/ulp_core_main.dir/C_/Workspace/Misc/esp/esp-idf/components/ulp/lp_core/lp_core/lp_core_utils.c.obj
 .riscv.attributes
                0x00000344       0x60 CMakeFiles/ulp_core_main.dir/C_/Workspace/Misc/esp/esp-idf/components/ulp/lp_core/lp_core/lp_core_interrupt.c.obj
 .riscv.attributes
                0x000003a4       0x5c C:/Workspace/Misc/esp/.espressif/tools/riscv32-esp-elf/esp-14.2.0_20241119/riscv32-esp-elf/bin/../lib/gcc/riscv32-esp-elf/14.2.0/rv32imac_zicsr_zifencei/ilp32\libgcc.a(_udivdi3.o)
 .riscv.attributes
                0x00000400       0x5c C:/Workspace/Misc/esp/.espressif/tools/riscv32-esp-elf/esp-14.2.0_20241119/riscv32-esp-elf/bin/../lib/gcc/riscv32-esp-elf/14.2.0/rv32imac_zicsr_zifencei/ilp32\libgcc.a(_clz.o)

.debug_frame    0x00000000      0x3bc
 .debug_frame   0x00000000      0x118 CMakeFiles/ulp_core_main.dir/C_/Workspace/Git/MPLR2025-experiments/cl/breathingled/main/ulp/main.c.obj
 .debug_frame   0x00000118       0x20 CMakeFiles/ulp_core_main.dir/C_/Workspace/Misc/esp/esp-idf/components/ulp/lp_core/shared/ulp_lp_core_memory_shared.c.obj
 .debug_frame   0x00000138       0xbc CMakeFiles/ulp_core_main.dir/C_/Workspace/Misc/esp/esp-idf/components/ulp/lp_core/shared/ulp_lp_core_lp_timer_shared.c.obj
 .debug_frame   0x000001f4       0x28 CMakeFiles/ulp_core_main.dir/C_/Workspace/Misc/esp/esp-idf/components/ulp/lp_core/lp_core/lp_core_startup.c.obj
 .debug_frame   0x0000021c      0x110 CMakeFiles/ulp_core_main.dir/C_/Workspace/Misc/esp/esp-idf/components/ulp/lp_core/lp_core/lp_core_utils.c.obj
 .debug_frame   0x0000032c       0x90 CMakeFiles/ulp_core_main.dir/C_/Workspace/Misc/esp/esp-idf/components/ulp/lp_core/lp_core/lp_core_interrupt.c.obj
