Archive member included to satisfy reference by file (symbol)

C:/Workspace/Misc/esp/.espressif/tools/riscv32-esp-elf/esp-14.2.0_20241119/riscv32-esp-elf/bin/../lib/gcc/riscv32-esp-elf/14.2.0/rv32imac_zicsr_zifencei/ilp32\libgcc.a(_ashrdi3.o)
                              CMakeFiles/ulp_core_main.dir/C_/Workspace/Misc/esp/esp-idf/components/ulp/lp_core/lp_core/lp_core_print.c.obj (__ashrdi3)
C:/Workspace/Misc/esp/.espressif/tools/riscv32-esp-elf/esp-14.2.0_20241119/riscv32-esp-elf/bin/../lib/gcc/riscv32-esp-elf/14.2.0/rv32imac_zicsr_zifencei/ilp32\libgcc.a(_udivdi3.o)
                              CMakeFiles/ulp_core_main.dir/C_/Workspace/Misc/esp/esp-idf/components/ulp/lp_core/shared/ulp_lp_core_lp_timer_shared.c.obj (__udivdi3)
C:/Workspace/Misc/esp/.espressif/tools/riscv32-esp-elf/esp-14.2.0_20241119/riscv32-esp-elf/bin/../lib/gcc/riscv32-esp-elf/14.2.0/rv32imac_zicsr_zifencei/ilp32\libgcc.a(_umoddi3.o)
                              CMakeFiles/ulp_core_main.dir/C_/Workspace/Misc/esp/esp-idf/components/ulp/lp_core/lp_core/lp_core_print.c.obj (__umoddi3)
C:/Workspace/Misc/esp/.espressif/tools/riscv32-esp-elf/esp-14.2.0_20241119/riscv32-esp-elf/bin/../lib/gcc/riscv32-esp-elf/14.2.0/rv32imac_zicsr_zifencei/ilp32\libgcc.a(_clz.o)
                              C:/Workspace/Misc/esp/.espressif/tools/riscv32-esp-elf/esp-14.2.0_20241119/riscv32-esp-elf/bin/../lib/gcc/riscv32-esp-elf/14.2.0/rv32imac_zicsr_zifencei/ilp32\libgcc.a(_udivdi3.o) (__clz_tab)
C:/Workspace/Misc/esp/.espressif/tools/riscv32-esp-elf/esp-14.2.0_20241119/riscv32-esp-elf/bin/../lib/gcc/riscv32-esp-elf/14.2.0/../../../../riscv32-esp-elf/lib/rv32imac_zicsr_zifencei/ilp32\libg_nano.a(libc_a-strlen.o)
                              CMakeFiles/ulp_core_main.dir/C_/Workspace/Misc/esp/esp-idf/components/ulp/lp_core/lp_core/lp_core_print.c.obj (strlen)

Discarded input sections

 .text          0x00000000        0x0 CMakeFiles/ulp_core_main.dir/C_/Workspace/Projects/mplr25-c/gps_acc/main/ulp/main.c.obj
 .data          0x00000000        0x0 CMakeFiles/ulp_core_main.dir/C_/Workspace/Projects/mplr25-c/gps_acc/main/ulp/main.c.obj
 .bss           0x00000000        0x0 CMakeFiles/ulp_core_main.dir/C_/Workspace/Projects/mplr25-c/gps_acc/main/ulp/main.c.obj
 .sbss.i        0x00000000        0x4 CMakeFiles/ulp_core_main.dir/C_/Workspace/Projects/mplr25-c/gps_acc/main/ulp/main.c.obj
 .data          0x00000000        0x0 CMakeFiles/ulp_core_main.dir/C_/Workspace/Projects/mplr25-c/gps_acc/main/ulp/sleep.S.obj
 .bss           0x00000000        0x0 CMakeFiles/ulp_core_main.dir/C_/Workspace/Projects/mplr25-c/gps_acc/main/ulp/sleep.S.obj
 .text          0x00000000        0x0 CMakeFiles/ulp_core_main.dir/C_/Workspace/Misc/esp/esp-idf/components/ulp/lp_core/lp_core/start.S.obj
 .data          0x00000000        0x0 CMakeFiles/ulp_core_main.dir/C_/Workspace/Misc/esp/esp-idf/components/ulp/lp_core/lp_core/start.S.obj
 .bss           0x00000000        0x0 CMakeFiles/ulp_core_main.dir/C_/Workspace/Misc/esp/esp-idf/components/ulp/lp_core/lp_core/start.S.obj
 .text          0x00000000        0x0 CMakeFiles/ulp_core_main.dir/C_/Workspace/Misc/esp/esp-idf/components/ulp/lp_core/lp_core/vector.S.obj
 .data          0x00000000        0x0 CMakeFiles/ulp_core_main.dir/C_/Workspace/Misc/esp/esp-idf/components/ulp/lp_core/lp_core/vector.S.obj
 .bss           0x00000000        0x0 CMakeFiles/ulp_core_main.dir/C_/Workspace/Misc/esp/esp-idf/components/ulp/lp_core/lp_core/vector.S.obj
 .text          0x00000000        0x0 CMakeFiles/ulp_core_main.dir/C_/Workspace/Misc/esp/esp-idf/components/ulp/lp_core/lp_core/port/esp32c6/vector_table.S.obj
 .data          0x00000000        0x0 CMakeFiles/ulp_core_main.dir/C_/Workspace/Misc/esp/esp-idf/components/ulp/lp_core/lp_core/port/esp32c6/vector_table.S.obj
 .bss           0x00000000        0x0 CMakeFiles/ulp_core_main.dir/C_/Workspace/Misc/esp/esp-idf/components/ulp/lp_core/lp_core/port/esp32c6/vector_table.S.obj
 .text          0x00000000        0x0 CMakeFiles/ulp_core_main.dir/C_/Workspace/Misc/esp/esp-idf/components/ulp/lp_core/shared/ulp_lp_core_memory_shared.c.obj
 .data          0x00000000        0x0 CMakeFiles/ulp_core_main.dir/C_/Workspace/Misc/esp/esp-idf/components/ulp/lp_core/shared/ulp_lp_core_memory_shared.c.obj
 .bss           0x00000000        0x0 CMakeFiles/ulp_core_main.dir/C_/Workspace/Misc/esp/esp-idf/components/ulp/lp_core/shared/ulp_lp_core_memory_shared.c.obj
 .text          0x00000000        0x0 CMakeFiles/ulp_core_main.dir/C_/Workspace/Misc/esp/esp-idf/components/ulp/lp_core/shared/ulp_lp_core_lp_uart_shared.c.obj
 .data          0x00000000        0x0 CMakeFiles/ulp_core_main.dir/C_/Workspace/Misc/esp/esp-idf/components/ulp/lp_core/shared/ulp_lp_core_lp_uart_shared.c.obj
 .bss           0x00000000        0x0 CMakeFiles/ulp_core_main.dir/C_/Workspace/Misc/esp/esp-idf/components/ulp/lp_core/shared/ulp_lp_core_lp_uart_shared.c.obj
 .text.lp_core_uart_wakeup_setup
[...]
Memory Configuration

Name             Origin             Length             Attributes
vector_table     0x50000000         0x00000080         xr
ram              0x50000080         0x00000f70         xrw
shared_mem_ram   0x50000ff0         0x00000010         rw
*default*        0x00000000         0xffffffff

Linker script and memory map

LOAD C:/Workspace/Misc/esp/esp-idf/components/soc/esp32c6/ld/esp32c6.peripherals.ld
                0x60000000                        PROVIDE (UART0 = 0x60000000)
                0x60001000                        PROVIDE (UART1 = 0x60001000)
                [!provide]                        PROVIDE (SPIMEM0 = 0x60002000)
                [!provide]                        PROVIDE (SPIMEM1 = 0x60003000)
                [!provide]                        PROVIDE (I2C0 = 0x60004000)
                [!provide]                        PROVIDE (UHCI0 = 0x60005000)
                [!provide]                        PROVIDE (RMT = 0x60006000)
                [!provide]                        PROVIDE (RMTMEM = 0x60006400)
                [!provide]                        PROVIDE (LEDC = 0x60007000)
                [!provide]                        PROVIDE (TIMERG0 = 0x60008000)
                [!provide]                        PROVIDE (TIMERG1 = 0x60009000)
                [!provide]                        PROVIDE (SYSTIMER = 0x6000a000)
                [!provide]                        PROVIDE (TWAI0 = 0x6000b000)
                [!provide]                        PROVIDE (I2S0 = 0x6000c000)
                [!provide]                        PROVIDE (TWAI1 = 0x6000d000)
                [!provide]                        PROVIDE (APB_SARADC = 0x6000e000)
                [!provide]                        PROVIDE (USB_SERIAL_JTAG = 0x6000f000)
                [!provide]                        PROVIDE (INTMTX = 0x60010000)
                [!provide]                        PROVIDE (ATOMIC_LOCKER = 0x60011000)
                [!provide]                        PROVIDE (PCNT = 0x60012000)
                [!provide]                        PROVIDE (SOC_ETM = 0x60013000)
                [!provide]                        PROVIDE (MCPWM0 = 0x60014000)
                [!provide]                        PROVIDE (PARL_IO = 0x60015000)
                [!provide]                        PROVIDE (HINF = 0x60016000)
                [!provide]                        PROVIDE (SLC = 0x60017000)
                [!provide]                        PROVIDE (HOST = 0x60018000)
                [!provide]                        PROVIDE (PVT_MONITOR = 0x60019000)
                [!provide]                        PROVIDE (GDMA = 0x60080000)
                [!provide]                        PROVIDE (GPSPI2 = 0x60081000)
                [!provide]                        PROVIDE (AES = 0x60088000)
                [!provide]                        PROVIDE (SHA = 0x60089000)
                [!provide]                        PROVIDE (RSA = 0x6008a000)
                [!provide]                        PROVIDE (ECC = 0x6008b000)
                [!provide]                        PROVIDE (DS = 0x6008c000)
                [!provide]                        PROVIDE (HMAC = 0x6008d000)
                [!provide]                        PROVIDE (IO_MUX = 0x60090000)
                [!provide]                        PROVIDE (GPIO = 0x60091000)
                [!provide]                        PROVIDE (GPIO_EXT = 0x60091f00)
                [!provide]                        PROVIDE (SDM = 0x60091f00)
                [!provide]                        PROVIDE (GLITCH_FILTER = 0x60091f30)
                [!provide]                        PROVIDE (GPIO_ETM = 0x60091f60)
                [!provide]                        PROVIDE (MEM_MONITOR = 0x60092000)
                [!provide]                        PROVIDE (PAU = 0x60093000)
                [!provide]                        PROVIDE (HP_SYSTEM = 0x60095000)
                0x60096000                        PROVIDE (PCR = 0x60096000)
                [!provide]                        PROVIDE (TEE = 0x60098000)
                [!provide]                        PROVIDE (HP_APM = 0x60099000)
                [!provide]                        PROVIDE (IEEE802154 = 0x600a3000)
                [!provide]                        PROVIDE (MODEM_SYSCON = 0x600a9800)
                [!provide]                        PROVIDE (MODEM_LPCON = 0x600af000)
                0x600b0000                        PROVIDE (PMU = 0x600b0000)
                0x600b0400                        PROVIDE (LP_CLKRST = 0x600b0400)
                [!provide]                        PROVIDE (EFUSE = 0x600b0800)
                0x600b0c00                        PROVIDE (LP_TIMER = 0x600b0c00)
                0x600b1000                        PROVIDE (LP_AON = 0x600b1000)
                0x600b1400                        PROVIDE (LP_UART = 0x600b1400)
                0x600b1800                        PROVIDE (LP_I2C = 0x600b1800)
                [!provide]                        PROVIDE (LP_WDT = 0x600b1c00)
                0x600b2000                        PROVIDE (LP_IO = 0x600b2000)
                [!provide]                        PROVIDE (LP_I2C_ANA_MST = 0x600b2400)
                0x600b2800                        PROVIDE (LPPERI = 0x600b2800)
                [!provide]                        PROVIDE (LP_ANA_PERI = 0x600b2c00)
                [!provide]                        PROVIDE (LP_APM = 0x600b3800)
                [!provide]                        PROVIDE (OTP_DEBUG = 0x600b3c00)
LOAD CMakeFiles/ulp_core_main.dir/C_/Workspace/Projects/mplr25-c/gps_acc/main/ulp/main.c.obj
LOAD CMakeFiles/ulp_core_main.dir/C_/Workspace/Projects/mplr25-c/gps_acc/main/ulp/sleep.S.obj
LOAD CMakeFiles/ulp_core_main.dir/C_/Workspace/Misc/esp/esp-idf/components/ulp/lp_core/lp_core/start.S.obj
LOAD CMakeFiles/ulp_core_main.dir/C_/Workspace/Misc/esp/esp-idf/components/ulp/lp_core/lp_core/vector.S.obj
LOAD CMakeFiles/ulp_core_main.dir/C_/Workspace/Misc/esp/esp-idf/components/ulp/lp_core/lp_core/port/esp32c6/vector_table.S.obj
LOAD CMakeFiles/ulp_core_main.dir/C_/Workspace/Misc/esp/esp-idf/components/ulp/lp_core/shared/ulp_lp_core_memory_shared.c.obj
LOAD CMakeFiles/ulp_core_main.dir/C_/Workspace/Misc/esp/esp-idf/components/ulp/lp_core/shared/ulp_lp_core_lp_uart_shared.c.obj
LOAD CMakeFiles/ulp_core_main.dir/C_/Workspace/Misc/esp/esp-idf/components/esp_driver_uart/src/uart_wakeup.c.obj
LOAD CMakeFiles/ulp_core_main.dir/C_/Workspace/Misc/esp/esp-idf/components/ulp/lp_core/shared/ulp_lp_core_lp_timer_shared.c.obj
LOAD CMakeFiles/ulp_core_main.dir/C_/Workspace/Misc/esp/esp-idf/components/ulp/lp_core/lp_core/lp_core_startup.c.obj
LOAD CMakeFiles/ulp_core_main.dir/C_/Workspace/Misc/esp/esp-idf/components/ulp/lp_core/lp_core/lp_core_utils.c.obj
LOAD CMakeFiles/ulp_core_main.dir/C_/Workspace/Misc/esp/esp-idf/components/hal/uart_hal_iram.c.obj
LOAD CMakeFiles/ulp_core_main.dir/C_/Workspace/Misc/esp/esp-idf/components/hal/uart_hal.c.obj
LOAD CMakeFiles/ulp_core_main.dir/C_/Workspace/Misc/esp/esp-idf/components/ulp/lp_core/lp_core/lp_core_uart.c.obj
LOAD CMakeFiles/ulp_core_main.dir/C_/Workspace/Misc/esp/esp-idf/components/ulp/lp_core/lp_core/lp_core_print.c.obj
LOAD CMakeFiles/ulp_core_main.dir/C_/Workspace/Misc/esp/esp-idf/components/ulp/lp_core/lp_core/lp_core_panic.c.obj
LOAD CMakeFiles/ulp_core_main.dir/C_/Workspace/Misc/esp/esp-idf/components/ulp/lp_core/lp_core/lp_core_interrupt.c.obj
LOAD CMakeFiles/ulp_core_main.dir/C_/Workspace/Misc/esp/esp-idf/components/ulp/lp_core/lp_core/lp_core_i2c.c.obj
LOAD CMakeFiles/ulp_core_main.dir/C_/Workspace/Misc/esp/esp-idf/components/ulp/lp_core/lp_core/lp_core_spi.c.obj
LOAD CMakeFiles/ulp_core_main.dir/C_/Workspace/Misc/esp/esp-idf/components/ulp/lp_core/lp_core/lp_core_ubsan.c.obj
LOAD CMakeFiles/ulp_core_main.dir/C_/Workspace/Misc/esp/esp-idf/components/ulp/lp_core/shared/ulp_lp_core_lp_adc_shared.c.obj
LOAD CMakeFiles/ulp_core_main.dir/C_/Workspace/Misc/esp/esp-idf/components/ulp/lp_core/shared/ulp_lp_core_lp_vad_shared.c.obj
LOAD CMakeFiles/ulp_core_main.dir/C_/Workspace/Misc/esp/esp-idf/components/ulp/lp_core/shared/ulp_lp_core_critical_section_shared.c.obj
LOAD C:/Workspace/Misc/esp/.espressif/tools/riscv32-esp-elf/esp-14.2.0_20241119/riscv32-esp-elf/bin/../lib/gcc/riscv32-esp-elf/14.2.0/rv32imac_zicsr_zifencei/ilp32\libgcc.a
LOAD C:/Workspace/Misc/esp/.espressif/tools/riscv32-esp-elf/esp-14.2.0_20241119/riscv32-esp-elf/bin/../lib/gcc/riscv32-esp-elf/14.2.0/../../../../riscv32-esp-elf/lib/rv32imac_zicsr_zifencei/ilp32\libg_nano.a
LOAD C:/Workspace/Misc/esp/.espressif/tools/riscv32-esp-elf/esp-14.2.0_20241119/riscv32-esp-elf/bin/../lib/gcc/riscv32-esp-elf/14.2.0/../../../../riscv32-esp-elf/lib/rv32imac_zicsr_zifencei/ilp32\libc_nano.a
LOAD C:/Workspace/Misc/esp/.espressif/tools/riscv32-esp-elf/esp-14.2.0_20241119/riscv32-esp-elf/bin/../lib/gcc/riscv32-esp-elf/14.2.0/rv32imac_zicsr_zifencei/ilp32\libgcc.a
START GROUP
LOAD C:/Workspace/Misc/esp/.espressif/tools/riscv32-esp-elf/esp-14.2.0_20241119/riscv32-esp-elf/bin/../lib/gcc/riscv32-esp-elf/14.2.0/rv32imac_zicsr_zifencei/ilp32\libgcc.a
LOAD C:/Workspace/Misc/esp/.espressif/tools/riscv32-esp-elf/esp-14.2.0_20241119/riscv32-esp-elf/bin/../lib/gcc/riscv32-esp-elf/14.2.0/../../../../riscv32-esp-elf/lib/rv32imac_zicsr_zifencei/ilp32\libc_nano.a
LOAD C:/Workspace/Misc/esp/.espressif/tools/riscv32-esp-elf/esp-14.2.0_20241119/riscv32-esp-elf/bin/../lib/gcc/riscv32-esp-elf/14.2.0/../../../../riscv32-esp-elf/lib/rv32imac_zicsr_zifencei/ilp32\libnosys.a
END GROUP
START GROUP
LOAD C:/Workspace/Misc/esp/.espressif/tools/riscv32-esp-elf/esp-14.2.0_20241119/riscv32-esp-elf/bin/../lib/gcc/riscv32-esp-elf/14.2.0/rv32imac_zicsr_zifencei/ilp32\libgcc.a
LOAD C:/Workspace/Misc/esp/.espressif/tools/riscv32-esp-elf/esp-14.2.0_20241119/riscv32-esp-elf/bin/../lib/gcc/riscv32-esp-elf/14.2.0/../../../../riscv32-esp-elf/lib/rv32imac_zicsr_zifencei/ilp32\libc_nano.a
LOAD C:/Workspace/Misc/esp/.espressif/tools/riscv32-esp-elf/esp-14.2.0_20241119/riscv32-esp-elf/bin/../lib/gcc/riscv32-esp-elf/14.2.0/../../../../riscv32-esp-elf/lib/rv32imac_zicsr_zifencei/ilp32\libnosys.a
END GROUP

.vector.text    0x50000000       0x80
                0x50000000                        __mtvec_base = .
 *(.init.vector .init.vector.*)
 .init.vector   0x50000000       0x80 CMakeFiles/ulp_core_main.dir/C_/Workspace/Misc/esp/esp-idf/components/ulp/lp_core/lp_core/port/esp32c6/vector_table.S.obj
                0x50000000                _vector_table
                0x50000080                        . = ORIGIN (ram)

.text           0x50000080      0xcc4
 *(.text.vectors)
 .text.vectors  0x50000080       0x1a CMakeFiles/ulp_core_main.dir/C_/Workspace/Misc/esp/esp-idf/components/ulp/lp_core/lp_core/start.S.obj
                0x50000080                reset_vector
 *(.text)
 .text          0x5000009a       0x64 CMakeFiles/ulp_core_main.dir/C_/Workspace/Projects/mplr25-c/gps_acc/main/ulp/sleep.S.obj
                0x5000009a                sleep_store
                0x500000cc                sleep_restore
 .text          0x500000fe      0x35a C:/Workspace/Misc/esp/.espressif/tools/riscv32-esp-elf/esp-14.2.0_20241119/riscv32-esp-elf/bin/../lib/gcc/riscv32-esp-elf/14.2.0/rv32imac_zicsr_zifencei/ilp32\libgcc.a(_udivdi3.o)
                0x500000fe                __udivdi3
 *(.text*)
 .text.ulp_lp_core_lp_timer_intr_handler
                0x50000458        0xc CMakeFiles/ulp_core_main.dir/C_/Workspace/Projects/mplr25-c/gps_acc/main/ulp/main.c.obj
                0x50000458                ulp_lp_core_lp_timer_intr_handler
 .text.sleep_store2
                0x50000464        0x6 CMakeFiles/ulp_core_main.dir/C_/Workspace/Projects/mplr25-c/gps_acc/main/ulp/main.c.obj
                0x50000464                sleep_store2
 .text.wakeup   0x5000046a        0xa CMakeFiles/ulp_core_main.dir/C_/Workspace/Projects/mplr25-c/gps_acc/main/ulp/main.c.obj
                0x5000046a                wakeup
 .text.sleep    0x50000474       0x26 CMakeFiles/ulp_core_main.dir/C_/Workspace/Projects/mplr25-c/gps_acc/main/ulp/main.c.obj
                0x50000474                sleep
 .text.conv     0x5000049a       0x12 CMakeFiles/ulp_core_main.dir/C_/Workspace/Projects/mplr25-c/gps_acc/main/ulp/main.c.obj
                0x5000049a                conv
 .text.sensor_read
                0x500004ac       0x7c CMakeFiles/ulp_core_main.dir/C_/Workspace/Projects/mplr25-c/gps_acc/main/ulp/main.c.obj
                0x500004ac                sensor_read
 .text.sensor_on
                0x50000528       0x14 CMakeFiles/ulp_core_main.dir/C_/Workspace/Projects/mplr25-c/gps_acc/main/ulp/main.c.obj
                0x50000528                sensor_on
 .text.sensor_off
                0x5000053c       0x14 CMakeFiles/ulp_core_main.dir/C_/Workspace/Projects/mplr25-c/gps_acc/main/ulp/main.c.obj
                0x5000053c                sensor_off
 .text.read_for_1sec
                0x50000550       0x34 CMakeFiles/ulp_core_main.dir/C_/Workspace/Projects/mplr25-c/gps_acc/main/ulp/main.c.obj
                0x50000550                read_for_1sec
 .text.app_main
                0x50000584       0x10 CMakeFiles/ulp_core_main.dir/C_/Workspace/Projects/mplr25-c/gps_acc/main/ulp/main.c.obj
                0x50000584                app_main
 .text.startup.main
                0x50000594       0x34 CMakeFiles/ulp_core_main.dir/C_/Workspace/Projects/mplr25-c/gps_acc/main/ulp/main.c.obj
                0x50000594                main
 .text.handlers
                0x500005c8       0xfa CMakeFiles/ulp_core_main.dir/C_/Workspace/Misc/esp/esp-idf/components/ulp/lp_core/lp_core/vector.S.obj
                0x500005c8                _panic_handler
                0x50000638                _interrupt_handler
 .text.ulp_lp_core_memory_shared_cfg_get
                0x500006c2        0xa CMakeFiles/ulp_core_main.dir/C_/Workspace/Misc/esp/esp-idf/components/ulp/lp_core/shared/ulp_lp_core_memory_shared.c.obj
                0x500006c2                ulp_lp_core_memory_shared_cfg_get
 .text.lp_timer_hal_set_alarm_target
                0x500006cc       0x38 CMakeFiles/ulp_core_main.dir/C_/Workspace/Misc/esp/esp-idf/components/ulp/lp_core/shared/ulp_lp_core_lp_timer_shared.c.obj
 .text.ulp_lp_core_lp_timer_get_cycle_count
                0x50000704       0x26 CMakeFiles/ulp_core_main.dir/C_/Workspace/Misc/esp/esp-idf/components/ulp/lp_core/shared/ulp_lp_core_lp_timer_shared.c.obj
                0x50000704                ulp_lp_core_lp_timer_get_cycle_count
 .text.ulp_lp_core_lp_timer_set_wakeup_time
                0x5000072a       0x46 CMakeFiles/ulp_core_main.dir/C_/Workspace/Misc/esp/esp-idf/components/ulp/lp_core/shared/ulp_lp_core_lp_timer_shared.c.obj
                0x5000072a                ulp_lp_core_lp_timer_set_wakeup_time
 .text.ulp_lp_core_lp_timer_set_wakeup_ticks
                0x50000770       0x24 CMakeFiles/ulp_core_main.dir/C_/Workspace/Misc/esp/esp-idf/components/ulp/lp_core/shared/ulp_lp_core_lp_timer_shared.c.obj
                0x50000770                ulp_lp_core_lp_timer_set_wakeup_ticks
 .text.ulp_lp_core_lp_timer_disable
                0x50000794       0x1e CMakeFiles/ulp_core_main.dir/C_/Workspace/Misc/esp/esp-idf/components/ulp/lp_core/shared/ulp_lp_core_lp_timer_shared.c.obj
                0x50000794                ulp_lp_core_lp_timer_disable
 .text.lp_core_startup
                0x500007b2       0x1a CMakeFiles/ulp_core_main.dir/C_/Workspace/Misc/esp/esp-idf/components/ulp/lp_core/lp_core/lp_core_startup.c.obj
                0x500007b2                lp_core_startup
 .text.ulp_lp_core_update_wakeup_cause
                0x500007cc      0x144 CMakeFiles/ulp_core_main.dir/C_/Workspace/Misc/esp/esp-idf/components/ulp/lp_core/lp_core/lp_core_utils.c.obj
                0x500007cc                ulp_lp_core_update_wakeup_cause
 .text.ulp_lp_core_wakeup_main_processor
                0x50000910       0x14 CMakeFiles/ulp_core_main.dir/C_/Workspace/Misc/esp/esp-idf/components/ulp/lp_core/lp_core/lp_core_utils.c.obj
                0x50000910                ulp_lp_core_wakeup_main_processor
 .text.ulp_lp_core_delay_cycles
                0x50000924       0x10 CMakeFiles/ulp_core_main.dir/C_/Workspace/Misc/esp/esp-idf/components/ulp/lp_core/lp_core/lp_core_utils.c.obj
                0x50000924                ulp_lp_core_delay_cycles
 .text.ulp_lp_core_halt
                0x50000934       0x18 CMakeFiles/ulp_core_main.dir/C_/Workspace/Misc/esp/esp-idf/components/ulp/lp_core/lp_core/lp_core_utils.c.obj
                0x50000934                ulp_lp_core_halt
 .text.ulp_lp_core_stop_lp_core
                0x5000094c       0x1c CMakeFiles/ulp_core_main.dir/C_/Workspace/Misc/esp/esp-idf/components/ulp/lp_core/lp_core/lp_core_utils.c.obj
                0x5000094c                ulp_lp_core_stop_lp_core
 .text.ulp_lp_core_abort
                0x50000968        0x8 CMakeFiles/ulp_core_main.dir/C_/Workspace/Misc/esp/esp-idf/components/ulp/lp_core/lp_core/lp_core_utils.c.obj
                0x50000968                ulp_lp_core_abort
 .text.ulp_lp_core_lp_timer_intr_clear
                0x50000970       0x14 CMakeFiles/ulp_core_main.dir/C_/Workspace/Misc/esp/esp-idf/components/ulp/lp_core/lp_core/lp_core_utils.c.obj
                0x50000970                ulp_lp_core_lp_timer_intr_clear
 .text.ulp_lp_core_default_intr_handler
                0x50000984        0x6 CMakeFiles/ulp_core_main.dir/C_/Workspace/Misc/esp/esp-idf/components/ulp/lp_core/lp_core/lp_core_interrupt.c.obj
                0x50000984                ulp_lp_core_efuse_intr_handler
                0x50000984                ulp_lp_core_lp_touch_intr_handler
                0x50000984                ulp_lp_core_sw_intr_handler
                0x50000984                ulp_lp_core_lp_adc_intr_handler
                0x50000984                ulp_lp_core_lp_ana_peri_intr_handler
                0x50000984                ulp_lp_core_trng_intr_handler
                0x50000984                ulp_lp_core_lp_uart_intr_handler
                0x50000984                ulp_lp_core_lp_spi_intr_handler
                0x50000984                ulp_lp_core_lp_io_intr_handler
                0x50000984                ulp_lp_core_lp_wdt_intr_handler
                0x50000984                ulp_lp_core_mailbox_intr_handler
                0x50000984                ulp_lp_core_lp_sysreg_intr_handler
                0x50000984                ulp_lp_core_tsens_intr_handler
                0x50000984                ulp_lp_core_lp_rtc_intr_handler
                0x50000984                ulp_lp_core_lp_pmu_intr_handler
                0x50000984                ulp_lp_core_lp_i2c_intr_handler
 .text.ulp_lp_core_panic_handler
                0x5000098a        0x6 CMakeFiles/ulp_core_main.dir/C_/Workspace/Misc/esp/esp-idf/components/ulp/lp_core/lp_core/lp_core_interrupt.c.obj
                0x5000098a                ulp_lp_core_panic_handler
 .text.ulp_lp_core_intr_handler
                0x50000990       0x4c CMakeFiles/ulp_core_main.dir/C_/Workspace/Misc/esp/esp-idf/components/ulp/lp_core/lp_core/lp_core_interrupt.c.obj
                0x50000990                ulp_lp_core_intr_handler
 .text.lp_core_i2c_wait_for_interrupt
                0x500009dc       0x76 CMakeFiles/ulp_core_main.dir/C_/Workspace/Misc/esp/esp-idf/components/ulp/lp_core/lp_core/lp_core_i2c.c.obj
 .text.lp_core_i2c_format_cmd.constprop.0
                0x50000a52       0x28 CMakeFiles/ulp_core_main.dir/C_/Workspace/Misc/esp/esp-idf/components/ulp/lp_core/lp_core/lp_core_i2c.c.obj
 .text.lp_core_i2c_config_device_addr.constprop.0
                0x50000a7a       0x32 CMakeFiles/ulp_core_main.dir/C_/Workspace/Misc/esp/esp-idf/components/ulp/lp_core/lp_core/lp_core_i2c.c.obj
 .text.lp_core_i2c_master_read_from_device
                0x50000aac      0x142 CMakeFiles/ulp_core_main.dir/C_/Workspace/Misc/esp/esp-idf/components/ulp/lp_core/lp_core/lp_core_i2c.c.obj
                0x50000aac                lp_core_i2c_master_read_from_device
 .text.lp_core_i2c_master_write_to_device
                0x50000bee      0x156 CMakeFiles/ulp_core_main.dir/C_/Workspace/Misc/esp/esp-idf/components/ulp/lp_core/lp_core/lp_core_i2c.c.obj
                0x50000bee                lp_core_i2c_master_write_to_device

.rodata         0x50000d44      0x118
 *(.rodata)
 .rodata        0x50000d44      0x100 C:/Workspace/Misc/esp/.espressif/tools/riscv32-esp-elf/esp-14.2.0_20241119/riscv32-esp-elf/bin/../lib/gcc/riscv32-esp-elf/14.2.0/rv32imac_zicsr_zifencei/ilp32\libgcc.a(_clz.o)
                0x50000d44                __clz_tab
 *(.rodata*)
 .rodata.s_intr_handlers
                0x50000e44       0x18 CMakeFiles/ulp_core_main.dir/C_/Workspace/Misc/esp/esp-idf/components/ulp/lp_core/lp_core/lp_core_interrupt.c.obj

.srodata.CMD_STANDBY
                0x50000e5c        0x2
 .srodata.CMD_STANDBY
                0x50000e5c        0x2 CMakeFiles/ulp_core_main.dir/C_/Workspace/Projects/mplr25-c/gps_acc/main/ulp/main.c.obj
                0x50000e5c                CMD_STANDBY

.srodata.CMD_MEASURE
                0x50000e60        0x2
 .srodata.CMD_MEASURE
                0x50000e60        0x2 CMakeFiles/ulp_core_main.dir/C_/Workspace/Projects/mplr25-c/gps_acc/main/ulp/main.c.obj
                0x50000e60                CMD_MEASURE

.srodata.FIFO_READ
                0x50000e64        0x1
 .srodata.FIFO_READ
                0x50000e64        0x1 CMakeFiles/ulp_core_main.dir/C_/Workspace/Projects/mplr25-c/gps_acc/main/ulp/main.c.obj
                0x50000e64                FIFO_READ

.rela.dyn       0x50000e68        0x0
 .rela.text.sleep
                0x50000e68        0x0 CMakeFiles/ulp_core_main.dir/C_/Workspace/Projects/mplr25-c/gps_acc/main/ulp/main.c.obj
 .rela.text.startup.main
                0x50000e68        0x0 CMakeFiles/ulp_core_main.dir/C_/Workspace/Projects/mplr25-c/gps_acc/main/ulp/main.c.obj
 .rela.text.vectors
                0x50000e68        0x0 CMakeFiles/ulp_core_main.dir/C_/Workspace/Projects/mplr25-c/gps_acc/main/ulp/main.c.obj
 .rela.text.lp_timer_hal_set_alarm_target
                0x50000e68        0x0 CMakeFiles/ulp_core_main.dir/C_/Workspace/Projects/mplr25-c/gps_acc/main/ulp/main.c.obj
 .rela.text.ulp_lp_core_lp_timer_get_cycle_count
                0x50000e68        0x0 CMakeFiles/ulp_core_main.dir/C_/Workspace/Projects/mplr25-c/gps_acc/main/ulp/main.c.obj
 .rela.text.ulp_lp_core_lp_timer_disable
                0x50000e68        0x0 CMakeFiles/ulp_core_main.dir/C_/Workspace/Projects/mplr25-c/gps_acc/main/ulp/main.c.obj
 .rela.text.ulp_lp_core_update_wakeup_cause
                0x50000e68        0x0 CMakeFiles/ulp_core_main.dir/C_/Workspace/Projects/mplr25-c/gps_acc/main/ulp/main.c.obj
 .rela.text.ulp_lp_core_halt
                0x50000e68        0x0 CMakeFiles/ulp_core_main.dir/C_/Workspace/Projects/mplr25-c/gps_acc/main/ulp/main.c.obj
 .rela.text.ulp_lp_core_stop_lp_core
                0x50000e68        0x0 CMakeFiles/ulp_core_main.dir/C_/Workspace/Projects/mplr25-c/gps_acc/main/ulp/main.c.obj
 .rela.text.ulp_lp_core_lp_timer_intr_clear
                0x50000e68        0x0 CMakeFiles/ulp_core_main.dir/C_/Workspace/Projects/mplr25-c/gps_acc/main/ulp/main.c.obj
 .rela.text.ulp_lp_core_intr_handler
                0x50000e68        0x0 CMakeFiles/ulp_core_main.dir/C_/Workspace/Projects/mplr25-c/gps_acc/main/ulp/main.c.obj
 .rela.rodata.s_intr_handlers
                0x50000e68        0x0 CMakeFiles/ulp_core_main.dir/C_/Workspace/Projects/mplr25-c/gps_acc/main/ulp/main.c.obj
 .rela.sdata.dev
                0x50000e68        0x0 CMakeFiles/ulp_core_main.dir/C_/Workspace/Projects/mplr25-c/gps_acc/main/ulp/main.c.obj

.data           0x50000e68        0x8
 *(.data)
 *(.data*)
 *(.sdata)
 *(.sdata*)
 .sdata.s_ack_check_en
                0x50000e68        0x1 CMakeFiles/ulp_core_main.dir/C_/Workspace/Misc/esp/esp-idf/components/ulp/lp_core/lp_core/lp_core_i2c.c.obj
 *fill*         0x50000e69        0x3 
 .sdata.dev     0x50000e6c        0x4 CMakeFiles/ulp_core_main.dir/C_/Workspace/Misc/esp/esp-idf/components/ulp/lp_core/lp_core/lp_core_i2c.c.obj
                0x50000e6c                dev

.bss            0x50000e70       0x98
 *(.bss)
 *(.bss*)
 .bss.value_z   0x50000e70       0x30 CMakeFiles/ulp_core_main.dir/C_/Workspace/Projects/mplr25-c/gps_acc/main/ulp/main.c.obj
                0x50000e70                value_z
 .bss.value_y   0x50000ea0       0x30 CMakeFiles/ulp_core_main.dir/C_/Workspace/Projects/mplr25-c/gps_acc/main/ulp/main.c.obj
                0x50000ea0                value_y
 .bss.value_x   0x50000ed0       0x30 CMakeFiles/ulp_core_main.dir/C_/Workspace/Projects/mplr25-c/gps_acc/main/ulp/main.c.obj
                0x50000ed0                value_x
 *(.sbss)
 *(.sbss*)
 .sbss.mrbc_sp_bottom
                0x50000f00        0x4 CMakeFiles/ulp_core_main.dir/C_/Workspace/Projects/mplr25-c/gps_acc/main/ulp/main.c.obj
                0x50000f00                mrbc_sp_bottom
 .sbss.lp_wakeup_cause
                0x50000f04        0x4 CMakeFiles/ulp_core_main.dir/C_/Workspace/Misc/esp/esp-idf/components/ulp/lp_core/lp_core/lp_core_utils.c.obj
                [!provide]                        PROVIDE (end = .)
                0x50000ff0                        __stack_top = (ORIGIN (ram) + LENGTH (ram))
                0x50000ff0                        . = ORIGIN (shared_mem_ram)

.shared_mem     0x50000ff0       0x10
 *(.shared_mem)
 .shared_mem    0x50000ff0       0x10 CMakeFiles/ulp_core_main.dir/C_/Workspace/Misc/esp/esp-idf/components/ulp/lp_core/shared/ulp_lp_core_memory_shared.c.obj
OUTPUT(ulp_core_main.elf elf32-littleriscv)

.debug_info     0x00000000     0xc623
 .debug_info    0x00000000     0x246d CMakeFiles/ulp_core_main.dir/C_/Workspace/Projects/mplr25-c/gps_acc/main/ulp/main.c.obj
 .debug_info    0x0000246d       0x24 CMakeFiles/ulp_core_main.dir/C_/Workspace/Projects/mplr25-c/gps_acc/main/ulp/sleep.S.obj
 .debug_info    0x00002491       0x24 CMakeFiles/ulp_core_main.dir/C_/Workspace/Misc/esp/esp-idf/components/ulp/lp_core/lp_core/start.S.obj
 .debug_info    0x000024b5       0x25 CMakeFiles/ulp_core_main.dir/C_/Workspace/Misc/esp/esp-idf/components/ulp/lp_core/lp_core/vector.S.obj
 .debug_info    0x000024da       0x33 CMakeFiles/ulp_core_main.dir/C_/Workspace/Misc/esp/esp-idf/components/ulp/lp_core/lp_core/port/esp32c6/vector_table.S.obj
 .debug_info    0x0000250d       0xed CMakeFiles/ulp_core_main.dir/C_/Workspace/Misc/esp/esp-idf/components/ulp/lp_core/shared/ulp_lp_core_memory_shared.c.obj
 .debug_info    0x000025fa      0xe3d CMakeFiles/ulp_core_main.dir/C_/Workspace/Misc/esp/esp-idf/components/ulp/lp_core/shared/ulp_lp_core_lp_timer_shared.c.obj
 .debug_info    0x00003437      0x15f CMakeFiles/ulp_core_main.dir/C_/Workspace/Misc/esp/esp-idf/components/ulp/lp_core/lp_core/lp_core_startup.c.obj
 .debug_info    0x00003596     0x5744 CMakeFiles/ulp_core_main.dir/C_/Workspace/Misc/esp/esp-idf/components/ulp/lp_core/lp_core/lp_core_utils.c.obj
 .debug_info    0x00008cda      0x87a CMakeFiles/ulp_core_main.dir/C_/Workspace/Misc/esp/esp-idf/components/ulp/lp_core/lp_core/lp_core_interrupt.c.obj
 .debug_info    0x00009554     0x286c CMakeFiles/ulp_core_main.dir/C_/Workspace/Misc/esp/esp-idf/components/ulp/lp_core/lp_core/lp_core_i2c.c.obj
 .debug_info    0x0000bdc0      0x776 C:/Workspace/Misc/esp/.espressif/tools/riscv32-esp-elf/esp-14.2.0_20241119/riscv32-esp-elf/bin/../lib/gcc/riscv32-esp-elf/14.2.0/rv32imac_zicsr_zifencei/ilp32\libgcc.a(_udivdi3.o)
 .debug_info    0x0000c536       0xed C:/Workspace/Misc/esp/.espressif/tools/riscv32-esp-elf/esp-14.2.0_20241119/riscv32-esp-elf/bin/../lib/gcc/riscv32-esp-elf/14.2.0/rv32imac_zicsr_zifencei/ilp32\libgcc.a(_clz.o)

.debug_abbrev   0x00000000     0x16d4
 .debug_abbrev  0x00000000      0x3a9 CMakeFiles/ulp_core_main.dir/C_/Workspace/Projects/mplr25-c/gps_acc/main/ulp/main.c.obj
 .debug_abbrev  0x000003a9       0x14 CMakeFiles/ulp_core_main.dir/C_/Workspace/Projects/mplr25-c/gps_acc/main/ulp/sleep.S.obj
 .debug_abbrev  0x000003bd       0x14 CMakeFiles/ulp_core_main.dir/C_/Workspace/Misc/esp/esp-idf/components/ulp/lp_core/lp_core/start.S.obj
 .debug_abbrev  0x000003d1       0x14 CMakeFiles/ulp_core_main.dir/C_/Workspace/Misc/esp/esp-idf/components/ulp/lp_core/lp_core/vector.S.obj
 .debug_abbrev  0x000003e5       0x28 CMakeFiles/ulp_core_main.dir/C_/Workspace/Misc/esp/esp-idf/components/ulp/lp_core/lp_core/port/esp32c6/vector_table.S.obj
 .debug_abbrev  0x0000040d       0x90 CMakeFiles/ulp_core_main.dir/C_/Workspace/Misc/esp/esp-idf/components/ulp/lp_core/shared/ulp_lp_core_memory_shared.c.obj
 .debug_abbrev  0x0000049d      0x35d CMakeFiles/ulp_core_main.dir/C_/Workspace/Misc/esp/esp-idf/components/ulp/lp_core/shared/ulp_lp_core_lp_timer_shared.c.obj
 .debug_abbrev  0x000007fa      0x108 CMakeFiles/ulp_core_main.dir/C_/Workspace/Misc/esp/esp-idf/components/ulp/lp_core/lp_core/lp_core_startup.c.obj
 .debug_abbrev  0x00000902      0x4e7 CMakeFiles/ulp_core_main.dir/C_/Workspace/Misc/esp/esp-idf/components/ulp/lp_core/lp_core/lp_core_utils.c.obj
 .debug_abbrev  0x00000de9      0x223 CMakeFiles/ulp_core_main.dir/C_/Workspace/Misc/esp/esp-idf/components/ulp/lp_core/lp_core/lp_core_interrupt.c.obj
 .debug_abbrev  0x0000100c      0x4b2 CMakeFiles/ulp_core_main.dir/C_/Workspace/Misc/esp/esp-idf/components/ulp/lp_core/lp_core/lp_core_i2c.c.obj
 .debug_abbrev  0x000014be      0x1a6 C:/Workspace/Misc/esp/.espressif/tools/riscv32-esp-elf/esp-14.2.0_20241119/riscv32-esp-elf/bin/../lib/gcc/riscv32-esp-elf/14.2.0/rv32imac_zicsr_zifencei/ilp32\libgcc.a(_udivdi3.o)
 .debug_abbrev  0x00001664       0x70 C:/Workspace/Misc/esp/.espressif/tools/riscv32-esp-elf/esp-14.2.0_20241119/riscv32-esp-elf/bin/../lib/gcc/riscv32-esp-elf/14.2.0/rv32imac_zicsr_zifencei/ilp32\libgcc.a(_clz.o)

.debug_loclists
                0x00000000     0x16a3
 .debug_loclists
                0x00000000       0x9a CMakeFiles/ulp_core_main.dir/C_/Workspace/Projects/mplr25-c/gps_acc/main/ulp/main.c.obj
 .debug_loclists
                0x0000009a       0xf0 CMakeFiles/ulp_core_main.dir/C_/Workspace/Misc/esp/esp-idf/components/ulp/lp_core/shared/ulp_lp_core_lp_timer_shared.c.obj
 .debug_loclists
                0x0000018a       0x2a CMakeFiles/ulp_core_main.dir/C_/Workspace/Misc/esp/esp-idf/components/ulp/lp_core/lp_core/lp_core_startup.c.obj
 .debug_loclists
                0x000001b4      0x104 CMakeFiles/ulp_core_main.dir/C_/Workspace/Misc/esp/esp-idf/components/ulp/lp_core/lp_core/lp_core_utils.c.obj
 .debug_loclists
                0x000002b8       0x61 CMakeFiles/ulp_core_main.dir/C_/Workspace/Misc/esp/esp-idf/components/ulp/lp_core/lp_core/lp_core_interrupt.c.obj
 .debug_loclists
                0x00000319      0xcdd CMakeFiles/ulp_core_main.dir/C_/Workspace/Misc/esp/esp-idf/components/ulp/lp_core/lp_core/lp_core_i2c.c.obj
 .debug_loclists
                0x00000ff6      0x6ad C:/Workspace/Misc/esp/.espressif/tools/riscv32-esp-elf/esp-14.2.0_20241119/riscv32-esp-elf/bin/../lib/gcc/riscv32-esp-elf/14.2.0/rv32imac_zicsr_zifencei/ilp32\libgcc.a(_udivdi3.o)

.debug_aranges  0x00000000      0x2d0
 .debug_aranges
                0x00000000       0x70 CMakeFiles/ulp_core_main.dir/C_/Workspace/Projects/mplr25-c/gps_acc/main/ulp/main.c.obj
 .debug_aranges
                0x00000070       0x20 CMakeFiles/ulp_core_main.dir/C_/Workspace/Projects/mplr25-c/gps_acc/main/ulp/sleep.S.obj
 .debug_aranges
                0x00000090       0x20 CMakeFiles/ulp_core_main.dir/C_/Workspace/Misc/esp/esp-idf/components/ulp/lp_core/lp_core/start.S.obj
 .debug_aranges
                0x000000b0       0x20 CMakeFiles/ulp_core_main.dir/C_/Workspace/Misc/esp/esp-idf/components/ulp/lp_core/lp_core/vector.S.obj
 .debug_aranges
                0x000000d0       0x20 CMakeFiles/ulp_core_main.dir/C_/Workspace/Misc/esp/esp-idf/components/ulp/lp_core/lp_core/port/esp32c6/vector_table.S.obj
 .debug_aranges
                0x000000f0       0x20 CMakeFiles/ulp_core_main.dir/C_/Workspace/Misc/esp/esp-idf/components/ulp/lp_core/shared/ulp_lp_core_memory_shared.c.obj
 .debug_aranges
                0x00000110       0x48 CMakeFiles/ulp_core_main.dir/C_/Workspace/Misc/esp/esp-idf/components/ulp/lp_core/shared/ulp_lp_core_lp_timer_shared.c.obj
 .debug_aranges
                0x00000158       0x20 CMakeFiles/ulp_core_main.dir/C_/Workspace/Misc/esp/esp-idf/components/ulp/lp_core/lp_core/lp_core_startup.c.obj
 .debug_aranges
                0x00000178       0x90 CMakeFiles/ulp_core_main.dir/C_/Workspace/Misc/esp/esp-idf/components/ulp/lp_core/lp_core/lp_core_utils.c.obj
 .debug_aranges
                0x00000208       0x40 CMakeFiles/ulp_core_main.dir/C_/Workspace/Misc/esp/esp-idf/components/ulp/lp_core/lp_core/lp_core_interrupt.c.obj
 .debug_aranges
                0x00000248       0x50 CMakeFiles/ulp_core_main.dir/C_/Workspace/Misc/esp/esp-idf/components/ulp/lp_core/lp_core/lp_core_i2c.c.obj
 .debug_aranges
                0x00000298       0x20 C:/Workspace/Misc/esp/.espressif/tools/riscv32-esp-elf/esp-14.2.0_20241119/riscv32-esp-elf/bin/../lib/gcc/riscv32-esp-elf/14.2.0/rv32imac_zicsr_zifencei/ilp32\libgcc.a(_udivdi3.o)
 .debug_aranges
                0x000002b8       0x18 C:/Workspace/Misc/esp/.espressif/tools/riscv32-esp-elf/esp-14.2.0_20241119/riscv32-esp-elf/bin/../lib/gcc/riscv32-esp-elf/14.2.0/rv32imac_zicsr_zifencei/ilp32\libgcc.a(_clz.o)

.debug_rnglists
                0x00000000      0x3f3
 .debug_rnglists
                0x00000000       0x80 CMakeFiles/ulp_core_main.dir/C_/Workspace/Projects/mplr25-c/gps_acc/main/ulp/main.c.obj
 .debug_rnglists
                0x00000080       0x13 CMakeFiles/ulp_core_main.dir/C_/Workspace/Misc/esp/esp-idf/components/ulp/lp_core/shared/ulp_lp_core_memory_shared.c.obj
 .debug_rnglists
                0x00000093       0x67 CMakeFiles/ulp_core_main.dir/C_/Workspace/Misc/esp/esp-idf/components/ulp/lp_core/shared/ulp_lp_core_lp_timer_shared.c.obj
 .debug_rnglists
                0x000000fa       0x13 CMakeFiles/ulp_core_main.dir/C_/Workspace/Misc/esp/esp-idf/components/ulp/lp_core/lp_core/lp_core_startup.c.obj
 .debug_rnglists
                0x0000010d       0xc8 CMakeFiles/ulp_core_main.dir/C_/Workspace/Misc/esp/esp-idf/components/ulp/lp_core/lp_core/lp_core_utils.c.obj
 .debug_rnglists
                0x000001d5       0x3d CMakeFiles/ulp_core_main.dir/C_/Workspace/Misc/esp/esp-idf/components/ulp/lp_core/lp_core/lp_core_interrupt.c.obj
 .debug_rnglists
                0x00000212      0x152 CMakeFiles/ulp_core_main.dir/C_/Workspace/Misc/esp/esp-idf/components/ulp/lp_core/lp_core/lp_core_i2c.c.obj
 .debug_rnglists
                0x00000364       0x8f C:/Workspace/Misc/esp/.espressif/tools/riscv32-esp-elf/esp-14.2.0_20241119/riscv32-esp-elf/bin/../lib/gcc/riscv32-esp-elf/14.2.0/rv32imac_zicsr_zifencei/ilp32\libgcc.a(_udivdi3.o)

.debug_line     0x00000000     0x32e5
 .debug_line    0x00000000      0x52e CMakeFiles/ulp_core_main.dir/C_/Workspace/Projects/mplr25-c/gps_acc/main/ulp/main.c.obj
 .debug_line    0x0000052e      0x126 CMakeFiles/ulp_core_main.dir/C_/Workspace/Projects/mplr25-c/gps_acc/main/ulp/sleep.S.obj
 .debug_line    0x00000654       0x68 CMakeFiles/ulp_core_main.dir/C_/Workspace/Misc/esp/esp-idf/components/ulp/lp_core/lp_core/start.S.obj
 .debug_line    0x000006bc       0xd5 CMakeFiles/ulp_core_main.dir/C_/Workspace/Misc/esp/esp-idf/components/ulp/lp_core/lp_core/vector.S.obj
 .debug_line    0x00000791       0x56 CMakeFiles/ulp_core_main.dir/C_/Workspace/Misc/esp/esp-idf/components/ulp/lp_core/lp_core/port/esp32c6/vector_table.S.obj
 .debug_line    0x000007e7       0x84 CMakeFiles/ulp_core_main.dir/C_/Workspace/Misc/esp/esp-idf/components/ulp/lp_core/shared/ulp_lp_core_memory_shared.c.obj
 .debug_line    0x0000086b      0x424 CMakeFiles/ulp_core_main.dir/C_/Workspace/Misc/esp/esp-idf/components/ulp/lp_core/shared/ulp_lp_core_lp_timer_shared.c.obj
 .debug_line    0x00000c8f       0xd9 CMakeFiles/ulp_core_main.dir/C_/Workspace/Misc/esp/esp-idf/components/ulp/lp_core/lp_core/lp_core_startup.c.obj
 .debug_line    0x00000d68      0x881 CMakeFiles/ulp_core_main.dir/C_/Workspace/Misc/esp/esp-idf/components/ulp/lp_core/lp_core/lp_core_utils.c.obj
 .debug_line    0x000015e9      0x264 CMakeFiles/ulp_core_main.dir/C_/Workspace/Misc/esp/esp-idf/components/ulp/lp_core/lp_core/lp_core_interrupt.c.obj
 .debug_line    0x0000184d     0x10de CMakeFiles/ulp_core_main.dir/C_/Workspace/Misc/esp/esp-idf/components/ulp/lp_core/lp_core/lp_core_i2c.c.obj
 .debug_line    0x0000292b      0x97b C:/Workspace/Misc/esp/.espressif/tools/riscv32-esp-elf/esp-14.2.0_20241119/riscv32-esp-elf/bin/../lib/gcc/riscv32-esp-elf/14.2.0/rv32imac_zicsr_zifencei/ilp32\libgcc.a(_udivdi3.o)
 .debug_line    0x000032a6       0x3f C:/Workspace/Misc/esp/.espressif/tools/riscv32-esp-elf/esp-14.2.0_20241119/riscv32-esp-elf/bin/../lib/gcc/riscv32-esp-elf/14.2.0/rv32imac_zicsr_zifencei/ilp32\libgcc.a(_clz.o)

.debug_str      0x00000000     0x56ea
 .debug_str     0x00000000     0x56ea CMakeFiles/ulp_core_main.dir/C_/Workspace/Projects/mplr25-c/gps_acc/main/ulp/main.c.obj
                               0x1a50 (size before relaxing)
 .debug_str     0x000056ea       0x8e CMakeFiles/ulp_core_main.dir/C_/Workspace/Projects/mplr25-c/gps_acc/main/ulp/sleep.S.obj
 .debug_str     0x000056ea       0x9b CMakeFiles/ulp_core_main.dir/C_/Workspace/Misc/esp/esp-idf/components/ulp/lp_core/lp_core/start.S.obj
 .debug_str     0x000056ea       0x9c CMakeFiles/ulp_core_main.dir/C_/Workspace/Misc/esp/esp-idf/components/ulp/lp_core/lp_core/vector.S.obj
 .debug_str     0x000056ea       0xbd CMakeFiles/ulp_core_main.dir/C_/Workspace/Misc/esp/esp-idf/components/ulp/lp_core/lp_core/port/esp32c6/vector_table.S.obj
 .debug_str     0x000056ea      0x1a1 CMakeFiles/ulp_core_main.dir/C_/Workspace/Misc/esp/esp-idf/components/ulp/lp_core/shared/ulp_lp_core_memory_shared.c.obj
 .debug_str     0x000056ea     0x131d CMakeFiles/ulp_core_main.dir/C_/Workspace/Misc/esp/esp-idf/components/ulp/lp_core/shared/ulp_lp_core_lp_timer_shared.c.obj
 .debug_str     0x000056ea      0x20b CMakeFiles/ulp_core_main.dir/C_/Workspace/Misc/esp/esp-idf/components/ulp/lp_core/lp_core/lp_core_startup.c.obj
 .debug_str     0x000056ea     0x336b CMakeFiles/ulp_core_main.dir/C_/Workspace/Misc/esp/esp-idf/components/ulp/lp_core/lp_core/lp_core_utils.c.obj
 .debug_str     0x000056ea      0x608 CMakeFiles/ulp_core_main.dir/C_/Workspace/Misc/esp/esp-idf/components/ulp/lp_core/lp_core/lp_core_interrupt.c.obj
 .debug_str     0x000056ea     0x1c93 CMakeFiles/ulp_core_main.dir/C_/Workspace/Misc/esp/esp-idf/components/ulp/lp_core/lp_core/lp_core_i2c.c.obj
 .debug_str     0x000056ea      0x264 C:/Workspace/Misc/esp/.espressif/tools/riscv32-esp-elf/esp-14.2.0_20241119/riscv32-esp-elf/bin/../lib/gcc/riscv32-esp-elf/14.2.0/rv32imac_zicsr_zifencei/ilp32\libgcc.a(_udivdi3.o)
 .debug_str     0x000056ea      0x1b1 C:/Workspace/Misc/esp/.espressif/tools/riscv32-esp-elf/esp-14.2.0_20241119/riscv32-esp-elf/bin/../lib/gcc/riscv32-esp-elf/14.2.0/rv32imac_zicsr_zifencei/ilp32\libgcc.a(_clz.o)

.debug_line_str
                0x00000000      0xb22
 .debug_line_str
                0x00000000      0xb22 CMakeFiles/ulp_core_main.dir/C_/Workspace/Projects/mplr25-c/gps_acc/main/ulp/main.c.obj
                                0x4e3 (size before relaxing)
 .debug_line_str
                0x00000b22       0x80 CMakeFiles/ulp_core_main.dir/C_/Workspace/Projects/mplr25-c/gps_acc/main/ulp/sleep.S.obj
 .debug_line_str
                0x00000b22       0x8d CMakeFiles/ulp_core_main.dir/C_/Workspace/Misc/esp/esp-idf/components/ulp/lp_core/lp_core/start.S.obj
 .debug_line_str
                0x00000b22       0x8e CMakeFiles/ulp_core_main.dir/C_/Workspace/Misc/esp/esp-idf/components/ulp/lp_core/lp_core/vector.S.obj
 .debug_line_str
                0x00000b22       0xa1 CMakeFiles/ulp_core_main.dir/C_/Workspace/Misc/esp/esp-idf/components/ulp/lp_core/lp_core/port/esp32c6/vector_table.S.obj
 .debug_line_str
                0x00000b22      0x2c9 CMakeFiles/ulp_core_main.dir/C_/Workspace/Misc/esp/esp-idf/components/ulp/lp_core/shared/ulp_lp_core_memory_shared.c.obj
 .debug_line_str
                0x00000b22      0x470 CMakeFiles/ulp_core_main.dir/C_/Workspace/Misc/esp/esp-idf/components/ulp/lp_core/shared/ulp_lp_core_lp_timer_shared.c.obj
 .debug_line_str
                0x00000b22      0x324 CMakeFiles/ulp_core_main.dir/C_/Workspace/Misc/esp/esp-idf/components/ulp/lp_core/lp_core/lp_core_startup.c.obj
 .debug_line_str
                0x00000b22      0x505 CMakeFiles/ulp_core_main.dir/C_/Workspace/Misc/esp/esp-idf/components/ulp/lp_core/lp_core/lp_core_utils.c.obj
 .debug_line_str
                0x00000b22      0x39c CMakeFiles/ulp_core_main.dir/C_/Workspace/Misc/esp/esp-idf/components/ulp/lp_core/lp_core/lp_core_interrupt.c.obj
 .debug_line_str
                0x00000b22      0x4a7 CMakeFiles/ulp_core_main.dir/C_/Workspace/Misc/esp/esp-idf/components/ulp/lp_core/lp_core/lp_core_i2c.c.obj
 .debug_line_str
                0x00000b22      0x1a2 C:/Workspace/Misc/esp/.espressif/tools/riscv32-esp-elf/esp-14.2.0_20241119/riscv32-esp-elf/bin/../lib/gcc/riscv32-esp-elf/14.2.0/rv32imac_zicsr_zifencei/ilp32\libgcc.a(_udivdi3.o)
 .debug_line_str
                0x00000b22      0x1a2 C:/Workspace/Misc/esp/.espressif/tools/riscv32-esp-elf/esp-14.2.0_20241119/riscv32-esp-elf/bin/../lib/gcc/riscv32-esp-elf/14.2.0/rv32imac_zicsr_zifencei/ilp32\libgcc.a(_clz.o)

.comment        0x00000000       0x2f
 .comment       0x00000000       0x2f CMakeFiles/ulp_core_main.dir/C_/Workspace/Projects/mplr25-c/gps_acc/main/ulp/main.c.obj
                                 0x30 (size before relaxing)
 .comment       0x0000002f       0x30 CMakeFiles/ulp_core_main.dir/C_/Workspace/Misc/esp/esp-idf/components/ulp/lp_core/shared/ulp_lp_core_memory_shared.c.obj
 .comment       0x0000002f       0x30 CMakeFiles/ulp_core_main.dir/C_/Workspace/Misc/esp/esp-idf/components/ulp/lp_core/shared/ulp_lp_core_lp_timer_shared.c.obj
 .comment       0x0000002f       0x30 CMakeFiles/ulp_core_main.dir/C_/Workspace/Misc/esp/esp-idf/components/ulp/lp_core/lp_core/lp_core_startup.c.obj
 .comment       0x0000002f       0x30 CMakeFiles/ulp_core_main.dir/C_/Workspace/Misc/esp/esp-idf/components/ulp/lp_core/lp_core/lp_core_utils.c.obj
 .comment       0x0000002f       0x30 CMakeFiles/ulp_core_main.dir/C_/Workspace/Misc/esp/esp-idf/components/ulp/lp_core/lp_core/lp_core_interrupt.c.obj
 .comment       0x0000002f       0x30 CMakeFiles/ulp_core_main.dir/C_/Workspace/Misc/esp/esp-idf/components/ulp/lp_core/lp_core/lp_core_i2c.c.obj
 .comment       0x0000002f       0x30 C:/Workspace/Misc/esp/.espressif/tools/riscv32-esp-elf/esp-14.2.0_20241119/riscv32-esp-elf/bin/../lib/gcc/riscv32-esp-elf/14.2.0/rv32imac_zicsr_zifencei/ilp32\libgcc.a(_udivdi3.o)
 .comment       0x0000002f       0x30 C:/Workspace/Misc/esp/.espressif/tools/riscv32-esp-elf/esp-14.2.0_20241119/riscv32-esp-elf/bin/../lib/gcc/riscv32-esp-elf/14.2.0/rv32imac_zicsr_zifencei/ilp32\libgcc.a(_clz.o)

.note.GNU-stack
                0x00000000        0x0
 .note.GNU-stack
                0x00000000        0x0 CMakeFiles/ulp_core_main.dir/C_/Workspace/Projects/mplr25-c/gps_acc/main/ulp/main.c.obj
 .note.GNU-stack
                0x00000000        0x0 CMakeFiles/ulp_core_main.dir/C_/Workspace/Misc/esp/esp-idf/components/ulp/lp_core/shared/ulp_lp_core_memory_shared.c.obj
 .note.GNU-stack
                0x00000000        0x0 CMakeFiles/ulp_core_main.dir/C_/Workspace/Misc/esp/esp-idf/components/ulp/lp_core/shared/ulp_lp_core_lp_timer_shared.c.obj
 .note.GNU-stack
                0x00000000        0x0 CMakeFiles/ulp_core_main.dir/C_/Workspace/Misc/esp/esp-idf/components/ulp/lp_core/lp_core/lp_core_startup.c.obj
 .note.GNU-stack
                0x00000000        0x0 CMakeFiles/ulp_core_main.dir/C_/Workspace/Misc/esp/esp-idf/components/ulp/lp_core/lp_core/lp_core_utils.c.obj
 .note.GNU-stack
                0x00000000        0x0 CMakeFiles/ulp_core_main.dir/C_/Workspace/Misc/esp/esp-idf/components/ulp/lp_core/lp_core/lp_core_interrupt.c.obj
 .note.GNU-stack
                0x00000000        0x0 CMakeFiles/ulp_core_main.dir/C_/Workspace/Misc/esp/esp-idf/components/ulp/lp_core/lp_core/lp_core_i2c.c.obj
 .note.GNU-stack
                0x00000000        0x0 C:/Workspace/Misc/esp/.espressif/tools/riscv32-esp-elf/esp-14.2.0_20241119/riscv32-esp-elf/bin/../lib/gcc/riscv32-esp-elf/14.2.0/rv32imac_zicsr_zifencei/ilp32\libgcc.a(_udivdi3.o)
 .note.GNU-stack
                0x00000000        0x0 C:/Workspace/Misc/esp/.espressif/tools/riscv32-esp-elf/esp-14.2.0_20241119/riscv32-esp-elf/bin/../lib/gcc/riscv32-esp-elf/14.2.0/rv32imac_zicsr_zifencei/ilp32\libgcc.a(_clz.o)

.riscv.attributes
                0x00000000       0x60
 .riscv.attributes
                0x00000000       0x5c CMakeFiles/ulp_core_main.dir/C_/Workspace/Projects/mplr25-c/gps_acc/main/ulp/main.c.obj
 .riscv.attributes
                0x0000005c       0x5a CMakeFiles/ulp_core_main.dir/C_/Workspace/Projects/mplr25-c/gps_acc/main/ulp/sleep.S.obj
 .riscv.attributes
                0x000000b6       0x5e CMakeFiles/ulp_core_main.dir/C_/Workspace/Misc/esp/esp-idf/components/ulp/lp_core/lp_core/start.S.obj
 .riscv.attributes
                0x00000114       0x5e CMakeFiles/ulp_core_main.dir/C_/Workspace/Misc/esp/esp-idf/components/ulp/lp_core/lp_core/vector.S.obj
 .riscv.attributes
                0x00000172       0x5a CMakeFiles/ulp_core_main.dir/C_/Workspace/Misc/esp/esp-idf/components/ulp/lp_core/lp_core/port/esp32c6/vector_table.S.obj
 .riscv.attributes
                0x000001cc       0x5c CMakeFiles/ulp_core_main.dir/C_/Workspace/Misc/esp/esp-idf/components/ulp/lp_core/shared/ulp_lp_core_memory_shared.c.obj
 .riscv.attributes
                0x00000228       0x5c CMakeFiles/ulp_core_main.dir/C_/Workspace/Misc/esp/esp-idf/components/ulp/lp_core/shared/ulp_lp_core_lp_timer_shared.c.obj
 .riscv.attributes
                0x00000284       0x5c CMakeFiles/ulp_core_main.dir/C_/Workspace/Misc/esp/esp-idf/components/ulp/lp_core/lp_core/lp_core_startup.c.obj
 .riscv.attributes
                0x000002e0       0x60 CMakeFiles/ulp_core_main.dir/C_/Workspace/Misc/esp/esp-idf/components/ulp/lp_core/lp_core/lp_core_utils.c.obj
 .riscv.attributes
                0x00000340       0x60 CMakeFiles/ulp_core_main.dir/C_/Workspace/Misc/esp/esp-idf/components/ulp/lp_core/lp_core/lp_core_interrupt.c.obj
 .riscv.attributes
                0x000003a0       0x5c CMakeFiles/ulp_core_main.dir/C_/Workspace/Misc/esp/esp-idf/components/ulp/lp_core/lp_core/lp_core_i2c.c.obj
 .riscv.attributes
                0x000003fc       0x5c C:/Workspace/Misc/esp/.espressif/tools/riscv32-esp-elf/esp-14.2.0_20241119/riscv32-esp-elf/bin/../lib/gcc/riscv32-esp-elf/14.2.0/rv32imac_zicsr_zifencei/ilp32\libgcc.a(_udivdi3.o)
 .riscv.attributes
                0x00000458       0x5c C:/Workspace/Misc/esp/.espressif/tools/riscv32-esp-elf/esp-14.2.0_20241119/riscv32-esp-elf/bin/../lib/gcc/riscv32-esp-elf/14.2.0/rv32imac_zicsr_zifencei/ilp32\libgcc.a(_clz.o)

.debug_frame    0x00000000      0x544
 .debug_frame   0x00000000      0x130 CMakeFiles/ulp_core_main.dir/C_/Workspace/Projects/mplr25-c/gps_acc/main/ulp/main.c.obj
 .debug_frame   0x00000130       0x20 CMakeFiles/ulp_core_main.dir/C_/Workspace/Misc/esp/esp-idf/components/ulp/lp_core/shared/ulp_lp_core_memory_shared.c.obj
 .debug_frame   0x00000150       0xbc CMakeFiles/ulp_core_main.dir/C_/Workspace/Misc/esp/esp-idf/components/ulp/lp_core/shared/ulp_lp_core_lp_timer_shared.c.obj
 .debug_frame   0x0000020c       0x28 CMakeFiles/ulp_core_main.dir/C_/Workspace/Misc/esp/esp-idf/components/ulp/lp_core/lp_core/lp_core_startup.c.obj
 .debug_frame   0x00000234      0x110 CMakeFiles/ulp_core_main.dir/C_/Workspace/Misc/esp/esp-idf/components/ulp/lp_core/lp_core/lp_core_utils.c.obj
 .debug_frame   0x00000344       0x90 CMakeFiles/ulp_core_main.dir/C_/Workspace/Misc/esp/esp-idf/components/ulp/lp_core/lp_core/lp_core_interrupt.c.obj
 .debug_frame   0x000003d4      0x170 CMakeFiles/ulp_core_main.dir/C_/Workspace/Misc/esp/esp-idf/components/ulp/lp_core/lp_core/lp_core_i2c.c.obj
